******************************************************************************
                  MSP430 Linker Unix v15.12.2                  
******************************************************************************
>> Linked Wed May 25 15:34:31 2016

OUTPUT FILE NAME:   <Culbuto.out>
ENTRY POINT SYMBOL: "_c_int00_noargs_noexit"  address: 0000ece0


MEMORY CONFIGURATION

         name            origin    length      used     unused   attr    fill
----------------------  --------  ---------  --------  --------  ----  --------
  SFR                   00000000   00000010  00000000  00000010  RWIX
  PERIPHERALS_8BIT      00000010   000000f0  00000000  000000f0  RWIX
  PERIPHERALS_16BIT     00000100   00000100  00000000  00000100  RWIX
  RAM                   00000200   00000100  00000086  0000007a  RWIX
  INFOD                 00001000   00000040  00000000  00000040  RWIX
  INFOC                 00001040   00000040  00000000  00000040  RWIX
  INFOB                 00001080   00000040  00000000  00000040  RWIX
  INFOA                 000010c0   00000040  00000000  00000040  RWIX
  FLASH                 0000e000   00001fe0  00000e62  0000117e  RWIX
  INT00                 0000ffe0   00000002  00000000  00000002  RWIX
  INT01                 0000ffe2   00000002  00000000  00000002  RWIX
  INT02                 0000ffe4   00000002  00000002  00000000  RWIX
  INT03                 0000ffe6   00000002  00000002  00000000  RWIX
  INT04                 0000ffe8   00000002  00000002  00000000  RWIX
  INT05                 0000ffea   00000002  00000002  00000000  RWIX
  INT06                 0000ffec   00000002  00000000  00000002  RWIX
  INT07                 0000ffee   00000002  00000000  00000002  RWIX
  INT08                 0000fff0   00000002  00000002  00000000  RWIX
  INT09                 0000fff2   00000002  00000002  00000000  RWIX
  INT10                 0000fff4   00000002  00000002  00000000  RWIX
  INT11                 0000fff6   00000002  00000002  00000000  RWIX
  INT12                 0000fff8   00000002  00000000  00000002  RWIX
  INT13                 0000fffa   00000002  00000000  00000002  RWIX
  INT14                 0000fffc   00000002  00000002  00000000  RWIX
  RESET                 0000fffe   00000002  00000002  00000000  RWIX


SECTION ALLOCATION MAP

 output                                  attributes/
section   page    origin      length       input sections
--------  ----  ----------  ----------   ----------------
.data      0    00000200    0000001e     UNINITIALIZED
                  00000200    00000012     main.obj (.data)
                  00000212    00000008     main.obj (.data:ay)
                  0000021a    00000002     CTS_Layer.obj (.data)
                  0000021c    00000002     usi_i2c.obj (.data)

.bss       0    0000021e    00000018     UNINITIALIZED
                  0000021e    00000008     usi_i2c.obj (.bss)
                  00000226    00000006     (.common:baseCnt)
                  0000022c    00000006     (.common:measCnt)
                  00000232    00000002     (.common:data)
                  00000234    00000002     (.common:keyPressed)

.stack     0    000002b0    00000050     UNINITIALIZED
                  000002b0    00000002     rts430_eabi.lib : boot.obj (.stack)
                  000002b2    0000004e     --HOLE--

.text      0    0000e000    00000dee     
                  0000e000    0000040c     CTS_Layer.obj (.text:TI_CAPT_Custom)
                  0000e40c    000001ce     usi_i2c.obj (.text:USI_TXRX)
                  0000e5da    00000138     main.obj (.text:main)
                  0000e712    00000134     CTS_HAL.obj (.text:TI_CTS_RO_PINOSC_TA0_WDTp_HAL)
                  0000e846    000000d0     CTS_Layer.obj (.text:Dominant_Element)
                  0000e916    0000006e     rts430_eabi.lib : autoinit.obj (.text:_auto_init)
                  0000e984    00000064                     : copy_decompress_rle.obj (.text:__TI_decompress_rle_core)
                  0000e9e8    00000062     CTS_Layer.obj (.text:TI_CAPT_Update_Baseline)
                  0000ea4a    0000005a     rts430_eabi.lib : cpy_tbl.obj (.text:copy_in)
                  0000eaa4    00000054     main.obj (.text:computeAccel)
                  0000eaf8    0000004e     main.obj (.text:startMode)
                  0000eb46    0000004c     rts430_eabi.lib : lsr16.obj (.text)
                  0000eb92    00000048     main.obj (.text:checkCap)
                  0000ebda    0000003c     main.obj (.text:initAccel)
                  0000ec16    00000038     CTS_Layer.obj (.text:TI_CAPT_Buttons)
                  0000ec4e    0000002c     rts430_eabi.lib : lsl16.obj (.text)
                  0000ec7a    0000002a     usi_i2c.obj (.text:i2c_init)
                  0000eca4    00000020     usi_i2c.obj (.text:i2c_send_sequence)
                  0000ecc4    0000001c     main.obj (.text:sleep)
                  0000ece0    0000001a     rts430_eabi.lib : boot_special.obj (.text:_c_int00_noargs_noexit)
                  0000ecfa    00000016     main.obj (.text:initCap)
                  0000ed10    00000016     rts430_eabi.lib : div16u.obj (.text)
                  0000ed26    00000016     main.obj (.text:startMotor)
                  0000ed3c    00000014     main.obj (.text:ISR_Timer0_A0)
                  0000ed50    00000014     rts430_eabi.lib : mult16.obj (.text)
                  0000ed64    00000012                     : copy_decompress_none.obj (.text:decompress:none:__TI_decompress_none)
                  0000ed76    00000012                     : memcpy.obj (.text:memcpy)
                  0000ed88    00000010     CTS_Layer.obj (.text:TI_CAPT_Init_Baseline)
                  0000ed98    00000010     rts430_eabi.lib : epilog.obj (.text)
                  0000eda8    0000000e     CTS_Layer.obj (.text:TI_CAPT_Raw)
                  0000edb6    0000000e     main.obj (.text:stopMotor)
                  0000edc4    00000008     CTS_Layer.obj (.text:TI_CAPT_Reset_Tracking)
                  0000edcc    00000008     rts430_eabi.lib : isr_trap.obj (.text:_isr:__TI_ISR_TRAP)
                  0000edd4    00000008     CTS_HAL.obj (.text:watchdog_timer)
                  0000eddc    00000006     rts430_eabi.lib : exit.obj (.text:abort)
                  0000ede2    00000006                     : copy_decompress_rle.obj (.text:decompress:rle24:__TI_decompress_rle24)
                  0000ede8    00000004                     : pre_init.obj (.text:_system_pre_init)
                  0000edec    00000002                     : startup.obj (.text:_system_post_cinit)

.const     0    0000edee    00000050     
                  0000edee    0000000e     structure.obj (.const:buttons)
                  0000edfc    0000000c     main.obj (.const:mma8452_read_interrupt_source)
                  0000ee08    0000000c     main.obj (.const:mma8452_start)
                  0000ee14    0000000c     main.obj (.const:mma8452_stop)
                  0000ee20    0000000a     structure.obj (.const:aroma_element)
                  0000ee2a    0000000a     structure.obj (.const:boost_element)
                  0000ee34    0000000a     structure.obj (.const:continu_element)

.cinit     0    0000ee3e    00000024     
                  0000ee3e    0000000d     (.cinit..data.load) [load image, compression = rle]
                  0000ee4b    00000001     --HOLE-- [fill = 0]
                  0000ee4c    00000009     (.cinit..bss.load) [load image, compression = rle]
                  0000ee55    00000001     --HOLE-- [fill = 0]
                  0000ee56    00000004     (__TI_handler_table)
                  0000ee5a    00000008     (__TI_cinit_table)

.init_array 
*          0    0000e000    00000000     UNINITIALIZED

PORT1      0    0000ffe4    00000002     
                  0000ffe4    00000002     rts430_eabi.lib : int02.obj (.int02)

PORT2      0    0000ffe6    00000002     
                  0000ffe6    00000002     rts430_eabi.lib : int03.obj (.int03)

USI        0    0000ffe8    00000002     
                  0000ffe8    00000002     usi_i2c.obj (.int04)

ADC10      0    0000ffea    00000002     
                  0000ffea    00000002     rts430_eabi.lib : int05.obj (.int05)

TIMER0_A1 
*          0    0000fff0    00000002     
                  0000fff0    00000002     rts430_eabi.lib : int08.obj (.int08)

TIMER0_A0 
*          0    0000fff2    00000002     
                  0000fff2    00000002     main.obj (.int09)

WDT        0    0000fff4    00000002     
                  0000fff4    00000002     CTS_HAL.obj (.int10)

COMPARATORA 
*          0    0000fff6    00000002     
                  0000fff6    00000002     rts430_eabi.lib : int11.obj (.int11)

NMI        0    0000fffc    00000002     
                  0000fffc    00000002     rts430_eabi.lib : int14.obj (.int14)

.reset     0    0000fffe    00000002     
                  0000fffe    00000002     rts430_eabi.lib : boot.obj (.reset)

MODULE SUMMARY

       Module                     code   ro data   rw data
       ------                     ----   -------   -------
    ./Application/
       main.obj                   712    38        30     
       structure.obj              0      44        0      
    +--+--------------------------+------+---------+---------+
       Total:                     712    82        30     
                                                          
    ./Library/
       CTS_Layer.obj              1436   0         14     
       usi_i2c.obj                536    2         10     
       CTS_HAL.obj                316    2         0      
    +--+--------------------------+------+---------+---------+
       Total:                     2288   4         24     
                                                          
    /home/dolivari/ti/ccsv6/tools/compiler/msp430_15.12.2.LTS/lib/rts430_eabi.lib
       autoinit.obj               110    0         0      
       copy_decompress_rle.obj    106    0         0      
       cpy_tbl.obj                90     0         0      
       lsr16.obj                  76     0         0      
       lsl16.obj                  44     0         0      
       boot_special.obj           26     0         0      
       div16u.obj                 22     0         0      
       mult16.obj                 20     0         0      
       copy_decompress_none.obj   18     0         0      
       memcpy.obj                 18     0         0      
       epilog.obj                 16     0         0      
       isr_trap.obj               8      0         0      
       exit.obj                   6      0         0      
       pre_init.obj               4      0         0      
       boot.obj                   0      2         0      
       int02.obj                  0      2         0      
       int03.obj                  0      2         0      
       int05.obj                  0      2         0      
       int08.obj                  0      2         0      
       int11.obj                  0      2         0      
       int14.obj                  0      2         0      
       startup.obj                2      0         0      
    +--+--------------------------+------+---------+---------+
       Total:                     566    14        0      
                                                          
       Stack:                     0      0         80     
       Linker Generated:          0      34        0      
    +--+--------------------------+------+---------+---------+
       Grand Total:               3566   134       134    


LINKER GENERATED COPY TABLES

__TI_cinit_table @ 0000ee5a records: 2, size/record: 4, table size: 8
	.data: load addr=0000ee3e, load size=0000000d bytes, run addr=00000200, run size=0000001e bytes, compression=rle
	.bss: load addr=0000ee4c, load size=00000009 bytes, run addr=0000021e, run size=00000018 bytes, compression=rle


LINKER GENERATED HANDLER TABLE

__TI_handler_table @ 0000ee56 records: 2, size/record: 2, table size: 4
	index: 0, handler: __TI_decompress_rle24
	index: 1, handler: __TI_decompress_none


GLOBAL SYMBOLS: SORTED ALPHABETICALLY BY Name 

address   name                         
-------   ----                         
0000004a  ADC10AE0                     
000001b0  ADC10CTL0                    
000001b2  ADC10CTL1                    
00000048  ADC10DTC0                    
00000049  ADC10DTC1                    
000001b4  ADC10MEM                     
000001bc  ADC10SA                      
00000057  BCSCTL1                      
00000058  BCSCTL2                      
00000053  BCSCTL3                      
0000eddc  C$$EXIT                      
00000059  CACTL1                       
0000005a  CACTL2                       
000010fb  CALBC1_12MHZ                 
000010f9  CALBC1_16MHZ                 
000010ff  CALBC1_1MHZ                  
000010fd  CALBC1_8MHZ                  
000010fa  CALDCO_12MHZ                 
000010f8  CALDCO_16MHZ                 
000010fe  CALDCO_1MHZ                  
000010fc  CALDCO_8MHZ                  
0000005b  CAPD                         
00000056  DCOCTL                       
0000e846  Dominant_Element             
00000128  FCTL1                        
0000012a  FCTL2                        
0000012c  FCTL3                        
00000000  IE1                          
00000002  IFG1                         
0000ed3c  ISR_Timer0_A0                
00000022  P1DIR                        
00000025  P1IE                         
00000024  P1IES                        
00000023  P1IFG                        
00000020  P1IN                         
00000021  P1OUT                        
00000027  P1REN                        
00000026  P1SEL                        
00000041  P1SEL2                       
0000002a  P2DIR                        
0000002d  P2IE                         
0000002c  P2IES                        
0000002b  P2IFG                        
00000028  P2IN                         
00000029  P2OUT                        
0000002f  P2REN                        
0000002e  P2SEL                        
00000042  P2SEL2                       
00000172  TA0CCR0                      
00000174  TA0CCR1                      
00000176  TA0CCR2                      
00000162  TA0CCTL0                     
00000164  TA0CCTL1                     
00000166  TA0CCTL2                     
00000160  TA0CTL                       
0000012e  TA0IV                        
00000170  TA0R                         
0000ec16  TI_CAPT_Buttons              
0000e000  TI_CAPT_Custom               
0000ed88  TI_CAPT_Init_Baseline        
0000eda8  TI_CAPT_Raw                  
0000edc4  TI_CAPT_Reset_Tracking       
0000e9e8  TI_CAPT_Update_Baseline      
0000e712  TI_CTS_RO_PINOSC_TA0_WDTp_HAL
000010db  TLV_ADC10_1_LEN              
000010da  TLV_ADC10_1_TAG              
000010c0  TLV_CHECKSUM                 
000010f7  TLV_DCO_30_LEN               
000010f6  TLV_DCO_30_TAG               
0000007a  USICCTL                      
0000007a  USICKCTL                     
0000007b  USICNT                       
00000078  USICTL                       
00000078  USICTL0                      
00000079  USICTL1                      
0000007c  USISR                        
0000007d  USISRH                       
0000007c  USISRL                       
0000e40c  USI_TXRX                     
00000120  WDTCTL                       
00000300  __STACK_END                  
00000050  __STACK_SIZE                 
UNDEFED   __TI_BINIT_Base              
UNDEFED   __TI_BINIT_Limit             
0000ee5a  __TI_CINIT_Base              
0000ee62  __TI_CINIT_Limit             
0000ee56  __TI_Handler_Table_Base      
0000ee5a  __TI_Handler_Table_Limit     
UNDEFED   __TI_INITARRAY_Base          
UNDEFED   __TI_INITARRAY_Limit         
0000edcc  __TI_ISR_TRAP                
0000ed64  __TI_decompress_none         
0000ede2  __TI_decompress_rle24        
0000ffe4  __TI_int02                   
0000ffe6  __TI_int03                   
0000ffe8  __TI_int04                   
0000ffea  __TI_int05                   
0000fff0  __TI_int08                   
0000fff2  __TI_int09                   
0000fff4  __TI_int10                   
0000fff6  __TI_int11                   
0000fffc  __TI_int14                   
ffffffff  __TI_pprof_out_hndl          
ffffffff  __TI_prof_data_size          
ffffffff  __TI_prof_data_start         
ffffffff  __c_args__                   
0000ed10  __mspabi_divu                
0000eda4  __mspabi_func_epilog_1       
0000eda2  __mspabi_func_epilog_2       
0000eda0  __mspabi_func_epilog_3       
0000ed9e  __mspabi_func_epilog_4       
0000ed9c  __mspabi_func_epilog_5       
0000ed9a  __mspabi_func_epilog_6       
0000ed98  __mspabi_func_epilog_7       
0000ed50  __mspabi_mpyi                
0000ed50  __mspabi_mpyi_sw             
0000ed10  __mspabi_remu                
0000ec4e  __mspabi_slli                
0000ec76  __mspabi_slli_1              
0000ec64  __mspabi_slli_10             
0000ec62  __mspabi_slli_11             
0000ec60  __mspabi_slli_12             
0000ec5e  __mspabi_slli_13             
0000ec5c  __mspabi_slli_14             
0000ec5a  __mspabi_slli_15             
0000ec74  __mspabi_slli_2              
0000ec72  __mspabi_slli_3              
0000ec70  __mspabi_slli_4              
0000ec6e  __mspabi_slli_5              
0000ec6c  __mspabi_slli_6              
0000ec6a  __mspabi_slli_7              
0000ec68  __mspabi_slli_8              
0000ec66  __mspabi_slli_9              
0000eb46  __mspabi_srli                
0000eb8c  __mspabi_srli_1              
0000eb68  __mspabi_srli_10             
0000eb64  __mspabi_srli_11             
0000eb60  __mspabi_srli_12             
0000eb5c  __mspabi_srli_13             
0000eb58  __mspabi_srli_14             
0000eb54  __mspabi_srli_15             
0000eb88  __mspabi_srli_2              
0000eb84  __mspabi_srli_3              
0000eb80  __mspabi_srli_4              
0000eb7c  __mspabi_srli_5              
0000eb78  __mspabi_srli_6              
0000eb74  __mspabi_srli_7              
0000eb70  __mspabi_srli_8              
0000eb6c  __mspabi_srli_9              
0000e916  _auto_init                   
0000ece0  _c_int00_noargs_noexit       
0000fffe  _reset_vector                
000002b0  _stack                       
0000edec  _system_post_cinit           
0000ede8  _system_pre_init             
0000eddc  abort                        
0000ee20  aroma_element                
00000212  ay                           
00000226  baseCnt                      
0000ee2a  boost_element                
0000edee  buttons                      
0000eb92  checkCap                     
0000eaa4  computeAccel                 
0000ee34  continu_element              
0000ea4a  copy_in                      
0000021a  ctsStatusReg                 
00000204  cycle                        
00000232  data                         
00000200  i                            
0000ec7a  i2c_init                     
0000eca4  i2c_send_sequence            
0000021c  i2c_state                    
0000ebda  initAccel                    
0000ecfa  initCap                      
00000234  keyPressed                   
0000e5da  main                         
0000022c  measCnt                      
0000ed76  memcpy                       
0000020e  neworient                    
00000210  nextAction                   
00000206  onDuration                   
00000208  onoffDuration                
00000202  orient                       
00000201  running                      
0000020a  seconds                      
0000ecc4  sleep                        
0000eaf8  startMode                    
0000ed26  startMotor                   
0000edb6  stopMotor                    
0000edd4  watchdog_timer               


GLOBAL SYMBOLS: SORTED BY Symbol Address 

address   name                         
-------   ----                         
00000000  IE1                          
00000002  IFG1                         
00000020  P1IN                         
00000021  P1OUT                        
00000022  P1DIR                        
00000023  P1IFG                        
00000024  P1IES                        
00000025  P1IE                         
00000026  P1SEL                        
00000027  P1REN                        
00000028  P2IN                         
00000029  P2OUT                        
0000002a  P2DIR                        
0000002b  P2IFG                        
0000002c  P2IES                        
0000002d  P2IE                         
0000002e  P2SEL                        
0000002f  P2REN                        
00000041  P1SEL2                       
00000042  P2SEL2                       
00000048  ADC10DTC0                    
00000049  ADC10DTC1                    
0000004a  ADC10AE0                     
00000050  __STACK_SIZE                 
00000053  BCSCTL3                      
00000056  DCOCTL                       
00000057  BCSCTL1                      
00000058  BCSCTL2                      
00000059  CACTL1                       
0000005a  CACTL2                       
0000005b  CAPD                         
00000078  USICTL                       
00000078  USICTL0                      
00000079  USICTL1                      
0000007a  USICCTL                      
0000007a  USICKCTL                     
0000007b  USICNT                       
0000007c  USISR                        
0000007c  USISRL                       
0000007d  USISRH                       
00000120  WDTCTL                       
00000128  FCTL1                        
0000012a  FCTL2                        
0000012c  FCTL3                        
0000012e  TA0IV                        
00000160  TA0CTL                       
00000162  TA0CCTL0                     
00000164  TA0CCTL1                     
00000166  TA0CCTL2                     
00000170  TA0R                         
00000172  TA0CCR0                      
00000174  TA0CCR1                      
00000176  TA0CCR2                      
000001b0  ADC10CTL0                    
000001b2  ADC10CTL1                    
000001b4  ADC10MEM                     
000001bc  ADC10SA                      
00000200  i                            
00000201  running                      
00000202  orient                       
00000204  cycle                        
00000206  onDuration                   
00000208  onoffDuration                
0000020a  seconds                      
0000020e  neworient                    
00000210  nextAction                   
00000212  ay                           
0000021a  ctsStatusReg                 
0000021c  i2c_state                    
00000226  baseCnt                      
0000022c  measCnt                      
00000232  data                         
00000234  keyPressed                   
000002b0  _stack                       
00000300  __STACK_END                  
000010c0  TLV_CHECKSUM                 
000010da  TLV_ADC10_1_TAG              
000010db  TLV_ADC10_1_LEN              
000010f6  TLV_DCO_30_TAG               
000010f7  TLV_DCO_30_LEN               
000010f8  CALDCO_16MHZ                 
000010f9  CALBC1_16MHZ                 
000010fa  CALDCO_12MHZ                 
000010fb  CALBC1_12MHZ                 
000010fc  CALDCO_8MHZ                  
000010fd  CALBC1_8MHZ                  
000010fe  CALDCO_1MHZ                  
000010ff  CALBC1_1MHZ                  
0000e000  TI_CAPT_Custom               
0000e40c  USI_TXRX                     
0000e5da  main                         
0000e712  TI_CTS_RO_PINOSC_TA0_WDTp_HAL
0000e846  Dominant_Element             
0000e916  _auto_init                   
0000e9e8  TI_CAPT_Update_Baseline      
0000ea4a  copy_in                      
0000eaa4  computeAccel                 
0000eaf8  startMode                    
0000eb46  __mspabi_srli                
0000eb54  __mspabi_srli_15             
0000eb58  __mspabi_srli_14             
0000eb5c  __mspabi_srli_13             
0000eb60  __mspabi_srli_12             
0000eb64  __mspabi_srli_11             
0000eb68  __mspabi_srli_10             
0000eb6c  __mspabi_srli_9              
0000eb70  __mspabi_srli_8              
0000eb74  __mspabi_srli_7              
0000eb78  __mspabi_srli_6              
0000eb7c  __mspabi_srli_5              
0000eb80  __mspabi_srli_4              
0000eb84  __mspabi_srli_3              
0000eb88  __mspabi_srli_2              
0000eb8c  __mspabi_srli_1              
0000eb92  checkCap                     
0000ebda  initAccel                    
0000ec16  TI_CAPT_Buttons              
0000ec4e  __mspabi_slli                
0000ec5a  __mspabi_slli_15             
0000ec5c  __mspabi_slli_14             
0000ec5e  __mspabi_slli_13             
0000ec60  __mspabi_slli_12             
0000ec62  __mspabi_slli_11             
0000ec64  __mspabi_slli_10             
0000ec66  __mspabi_slli_9              
0000ec68  __mspabi_slli_8              
0000ec6a  __mspabi_slli_7              
0000ec6c  __mspabi_slli_6              
0000ec6e  __mspabi_slli_5              
0000ec70  __mspabi_slli_4              
0000ec72  __mspabi_slli_3              
0000ec74  __mspabi_slli_2              
0000ec76  __mspabi_slli_1              
0000ec7a  i2c_init                     
0000eca4  i2c_send_sequence            
0000ecc4  sleep                        
0000ece0  _c_int00_noargs_noexit       
0000ecfa  initCap                      
0000ed10  __mspabi_divu                
0000ed10  __mspabi_remu                
0000ed26  startMotor                   
0000ed3c  ISR_Timer0_A0                
0000ed50  __mspabi_mpyi                
0000ed50  __mspabi_mpyi_sw             
0000ed64  __TI_decompress_none         
0000ed76  memcpy                       
0000ed88  TI_CAPT_Init_Baseline        
0000ed98  __mspabi_func_epilog_7       
0000ed9a  __mspabi_func_epilog_6       
0000ed9c  __mspabi_func_epilog_5       
0000ed9e  __mspabi_func_epilog_4       
0000eda0  __mspabi_func_epilog_3       
0000eda2  __mspabi_func_epilog_2       
0000eda4  __mspabi_func_epilog_1       
0000eda8  TI_CAPT_Raw                  
0000edb6  stopMotor                    
0000edc4  TI_CAPT_Reset_Tracking       
0000edcc  __TI_ISR_TRAP                
0000edd4  watchdog_timer               
0000eddc  C$$EXIT                      
0000eddc  abort                        
0000ede2  __TI_decompress_rle24        
0000ede8  _system_pre_init             
0000edec  _system_post_cinit           
0000edee  buttons                      
0000ee20  aroma_element                
0000ee2a  boost_element                
0000ee34  continu_element              
0000ee56  __TI_Handler_Table_Base      
0000ee5a  __TI_CINIT_Base              
0000ee5a  __TI_Handler_Table_Limit     
0000ee62  __TI_CINIT_Limit             
0000ffe4  __TI_int02                   
0000ffe6  __TI_int03                   
0000ffe8  __TI_int04                   
0000ffea  __TI_int05                   
0000fff0  __TI_int08                   
0000fff2  __TI_int09                   
0000fff4  __TI_int10                   
0000fff6  __TI_int11                   
0000fffc  __TI_int14                   
0000fffe  _reset_vector                
ffffffff  __TI_pprof_out_hndl          
ffffffff  __TI_prof_data_size          
ffffffff  __TI_prof_data_start         
ffffffff  __c_args__                   
UNDEFED   __TI_BINIT_Base              
UNDEFED   __TI_BINIT_Limit             
UNDEFED   __TI_INITARRAY_Base          
UNDEFED   __TI_INITARRAY_Limit         

[190 symbols]
