<?xml version="1.0"?>
<link_info>
   <banner>MSP430 Linker Unix v15.12.2.LTS</banner>
   <copyright>Copyright (c) 2003-2015 Texas Instruments Incorporated</copyright>
   <link_time>0x57458703</link_time>
   <link_errors>0x0</link_errors>
   <output_file>Culbuto.out</output_file>
   <entry_point>
      <name>_c_int00_noargs_noexit</name>
      <address>0xece0</address>
   </entry_point>
   <input_file_list>
      <input_file id="fl-2">
         <path>./Application/</path>
         <kind>object</kind>
         <file>main.obj</file>
         <name>main.obj</name>
      </input_file>
      <input_file id="fl-3">
         <path>./Application/</path>
         <kind>object</kind>
         <file>structure.obj</file>
         <name>structure.obj</name>
      </input_file>
      <input_file id="fl-4">
         <path>./Library/</path>
         <kind>object</kind>
         <file>CTS_HAL.obj</file>
         <name>CTS_HAL.obj</name>
      </input_file>
      <input_file id="fl-5">
         <path>./Library/</path>
         <kind>object</kind>
         <file>CTS_Layer.obj</file>
         <name>CTS_Layer.obj</name>
      </input_file>
      <input_file id="fl-6">
         <path>./Library/</path>
         <kind>object</kind>
         <file>usi_i2c.obj</file>
         <name>usi_i2c.obj</name>
      </input_file>
      <input_file id="fl-21">
         <path>/home/dolivari/ti/ccsv6/tools/compiler/msp430_15.12.2.LTS/lib/</path>
         <kind>archive</kind>
         <file>rts430_eabi.lib</file>
         <name>boot.obj</name>
      </input_file>
      <input_file id="fl-22">
         <path>/home/dolivari/ti/ccsv6/tools/compiler/msp430_15.12.2.LTS/lib/</path>
         <kind>archive</kind>
         <file>rts430_eabi.lib</file>
         <name>boot_special.obj</name>
      </input_file>
      <input_file id="fl-23">
         <path>/home/dolivari/ti/ccsv6/tools/compiler/msp430_15.12.2.LTS/lib/</path>
         <kind>archive</kind>
         <file>rts430_eabi.lib</file>
         <name>copy_decompress_none.obj</name>
      </input_file>
      <input_file id="fl-24">
         <path>/home/dolivari/ti/ccsv6/tools/compiler/msp430_15.12.2.LTS/lib/</path>
         <kind>archive</kind>
         <file>rts430_eabi.lib</file>
         <name>copy_decompress_rle.obj</name>
      </input_file>
      <input_file id="fl-25">
         <path>/home/dolivari/ti/ccsv6/tools/compiler/msp430_15.12.2.LTS/lib/</path>
         <kind>archive</kind>
         <file>rts430_eabi.lib</file>
         <name>copy_zero_init.obj</name>
      </input_file>
      <input_file id="fl-26">
         <path>/home/dolivari/ti/ccsv6/tools/compiler/msp430_15.12.2.LTS/lib/</path>
         <kind>archive</kind>
         <file>rts430_eabi.lib</file>
         <name>div16u.obj</name>
      </input_file>
      <input_file id="fl-27">
         <path>/home/dolivari/ti/ccsv6/tools/compiler/msp430_15.12.2.LTS/lib/</path>
         <kind>archive</kind>
         <file>rts430_eabi.lib</file>
         <name>epilog.obj</name>
      </input_file>
      <input_file id="fl-28">
         <path>/home/dolivari/ti/ccsv6/tools/compiler/msp430_15.12.2.LTS/lib/</path>
         <kind>archive</kind>
         <file>rts430_eabi.lib</file>
         <name>exit.obj</name>
      </input_file>
      <input_file id="fl-29">
         <path>/home/dolivari/ti/ccsv6/tools/compiler/msp430_15.12.2.LTS/lib/</path>
         <kind>archive</kind>
         <file>rts430_eabi.lib</file>
         <name>exit_gvars.obj</name>
      </input_file>
      <input_file id="fl-2a">
         <path>/home/dolivari/ti/ccsv6/tools/compiler/msp430_15.12.2.LTS/lib/</path>
         <kind>archive</kind>
         <file>rts430_eabi.lib</file>
         <name>int02.obj</name>
      </input_file>
      <input_file id="fl-2b">
         <path>/home/dolivari/ti/ccsv6/tools/compiler/msp430_15.12.2.LTS/lib/</path>
         <kind>archive</kind>
         <file>rts430_eabi.lib</file>
         <name>int03.obj</name>
      </input_file>
      <input_file id="fl-2c">
         <path>/home/dolivari/ti/ccsv6/tools/compiler/msp430_15.12.2.LTS/lib/</path>
         <kind>archive</kind>
         <file>rts430_eabi.lib</file>
         <name>int05.obj</name>
      </input_file>
      <input_file id="fl-2d">
         <path>/home/dolivari/ti/ccsv6/tools/compiler/msp430_15.12.2.LTS/lib/</path>
         <kind>archive</kind>
         <file>rts430_eabi.lib</file>
         <name>int08.obj</name>
      </input_file>
      <input_file id="fl-2e">
         <path>/home/dolivari/ti/ccsv6/tools/compiler/msp430_15.12.2.LTS/lib/</path>
         <kind>archive</kind>
         <file>rts430_eabi.lib</file>
         <name>int11.obj</name>
      </input_file>
      <input_file id="fl-2f">
         <path>/home/dolivari/ti/ccsv6/tools/compiler/msp430_15.12.2.LTS/lib/</path>
         <kind>archive</kind>
         <file>rts430_eabi.lib</file>
         <name>int14.obj</name>
      </input_file>
      <input_file id="fl-30">
         <path>/home/dolivari/ti/ccsv6/tools/compiler/msp430_15.12.2.LTS/lib/</path>
         <kind>archive</kind>
         <file>rts430_eabi.lib</file>
         <name>isr_trap.obj</name>
      </input_file>
      <input_file id="fl-31">
         <path>/home/dolivari/ti/ccsv6/tools/compiler/msp430_15.12.2.LTS/lib/</path>
         <kind>archive</kind>
         <file>rts430_eabi.lib</file>
         <name>lsl16.obj</name>
      </input_file>
      <input_file id="fl-32">
         <path>/home/dolivari/ti/ccsv6/tools/compiler/msp430_15.12.2.LTS/lib/</path>
         <kind>archive</kind>
         <file>rts430_eabi.lib</file>
         <name>lsr16.obj</name>
      </input_file>
      <input_file id="fl-33">
         <path>/home/dolivari/ti/ccsv6/tools/compiler/msp430_15.12.2.LTS/lib/</path>
         <kind>archive</kind>
         <file>rts430_eabi.lib</file>
         <name>memcpy.obj</name>
      </input_file>
      <input_file id="fl-34">
         <path>/home/dolivari/ti/ccsv6/tools/compiler/msp430_15.12.2.LTS/lib/</path>
         <kind>archive</kind>
         <file>rts430_eabi.lib</file>
         <name>mpu_init.obj</name>
      </input_file>
      <input_file id="fl-35">
         <path>/home/dolivari/ti/ccsv6/tools/compiler/msp430_15.12.2.LTS/lib/</path>
         <kind>archive</kind>
         <file>rts430_eabi.lib</file>
         <name>mult16.obj</name>
      </input_file>
      <input_file id="fl-36">
         <path>/home/dolivari/ti/ccsv6/tools/compiler/msp430_15.12.2.LTS/lib/</path>
         <kind>archive</kind>
         <file>rts430_eabi.lib</file>
         <name>pre_init.obj</name>
      </input_file>
      <input_file id="fl-37">
         <path>/home/dolivari/ti/ccsv6/tools/compiler/msp430_15.12.2.LTS/lib/</path>
         <kind>archive</kind>
         <file>rts430_eabi.lib</file>
         <name>_lock.obj</name>
      </input_file>
      <input_file id="fl-38">
         <path>/home/dolivari/ti/ccsv6/tools/compiler/msp430_15.12.2.LTS/lib/</path>
         <kind>archive</kind>
         <file>rts430_eabi.lib</file>
         <name>args_main.obj</name>
      </input_file>
      <input_file id="fl-39">
         <path>/home/dolivari/ti/ccsv6/tools/compiler/msp430_15.12.2.LTS/lib/</path>
         <kind>archive</kind>
         <file>rts430_eabi.lib</file>
         <name>autoinit.obj</name>
      </input_file>
      <input_file id="fl-3a">
         <path>/home/dolivari/ti/ccsv6/tools/compiler/msp430_15.12.2.LTS/lib/</path>
         <kind>archive</kind>
         <file>rts430_eabi.lib</file>
         <name>cpy_tbl.obj</name>
      </input_file>
      <input_file id="fl-3b">
         <path>/home/dolivari/ti/ccsv6/tools/compiler/msp430_15.12.2.LTS/lib/</path>
         <kind>archive</kind>
         <file>rts430_eabi.lib</file>
         <name>startup.obj</name>
      </input_file>
   </input_file_list>
   <object_component_list>
      <object_component id="oc-15b">
         <name>.bss</name>
         <uninitialized>true</uninitialized>
         <run_address>0x21e</run_address>
         <size>0x8</size>
         <input_file_ref idref="fl-6"/>
      </object_component>
      <object_component id="oc-239">
         <name>.common:keyPressed</name>
         <uninitialized>true</uninitialized>
         <run_address>0x234</run_address>
         <size>0x2</size>
      </object_component>
      <object_component id="oc-1b6">
         <name>.common:data</name>
         <uninitialized>true</uninitialized>
         <run_address>0x232</run_address>
         <size>0x2</size>
      </object_component>
      <object_component id="oc-26b">
         <name>.common:baseCnt</name>
         <uninitialized>true</uninitialized>
         <run_address>0x226</run_address>
         <size>0x6</size>
      </object_component>
      <object_component id="oc-275">
         <name>.common:measCnt</name>
         <uninitialized>true</uninitialized>
         <run_address>0x22c</run_address>
         <size>0x6</size>
      </object_component>
      <object_component id="oc-22c">
         <name>.data:ay</name>
         <load_address>0x212</load_address>
         <run_address>0x212</run_address>
         <size>0x8</size>
         <input_file_ref idref="fl-2"/>
      </object_component>
      <object_component id="oc-19e">
         <name>.data</name>
         <load_address>0x200</load_address>
         <run_address>0x200</run_address>
         <size>0x12</size>
         <input_file_ref idref="fl-2"/>
      </object_component>
      <object_component id="oc-244">
         <name>.data</name>
         <load_address>0x21a</load_address>
         <run_address>0x21a</run_address>
         <size>0x2</size>
         <input_file_ref idref="fl-5"/>
      </object_component>
      <object_component id="oc-158">
         <name>.data</name>
         <load_address>0x21c</load_address>
         <run_address>0x21c</run_address>
         <size>0x2</size>
         <input_file_ref idref="fl-6"/>
      </object_component>
      <object_component id="oc-ca">
         <name>.stack</name>
         <uninitialized>true</uninitialized>
         <run_address>0x2b0</run_address>
         <size>0x2</size>
         <input_file_ref idref="fl-21"/>
      </object_component>
      <object_component id="oc-2ee">
         <name>.stack</name>
         <uninitialized>true</uninitialized>
         <run_address>0x2b0</run_address>
         <size>0x0</size>
      </object_component>
      <object_component id="oc-27e">
         <name>.text:TI_CAPT_Custom</name>
         <load_address>0xe000</load_address>
         <run_address>0xe000</run_address>
         <size>0x40c</size>
         <input_file_ref idref="fl-5"/>
      </object_component>
      <object_component id="oc-ed">
         <name>.text:USI_TXRX</name>
         <load_address>0xe40c</load_address>
         <run_address>0xe40c</run_address>
         <size>0x1ce</size>
         <input_file_ref idref="fl-6"/>
      </object_component>
      <object_component id="oc-126">
         <name>.text:main</name>
         <load_address>0xe5da</load_address>
         <run_address>0xe5da</run_address>
         <size>0x138</size>
         <input_file_ref idref="fl-2"/>
      </object_component>
      <object_component id="oc-297">
         <name>.text:TI_CTS_RO_PINOSC_TA0_WDTp_HAL</name>
         <load_address>0xe712</load_address>
         <run_address>0xe712</run_address>
         <size>0x134</size>
         <input_file_ref idref="fl-4"/>
      </object_component>
      <object_component id="oc-284">
         <name>.text:Dominant_Element</name>
         <load_address>0xe846</load_address>
         <run_address>0xe846</run_address>
         <size>0xd0</size>
         <input_file_ref idref="fl-5"/>
      </object_component>
      <object_component id="oc-10c">
         <name>.text:_auto_init</name>
         <load_address>0xe916</load_address>
         <run_address>0xe916</run_address>
         <size>0x6e</size>
         <input_file_ref idref="fl-39"/>
      </object_component>
      <object_component id="oc-db">
         <name>.text:__TI_decompress_rle_core</name>
         <load_address>0xe984</load_address>
         <run_address>0xe984</run_address>
         <size>0x64</size>
         <input_file_ref idref="fl-24"/>
      </object_component>
      <object_component id="oc-217">
         <name>.text:TI_CAPT_Update_Baseline</name>
         <load_address>0xe9e8</load_address>
         <run_address>0xe9e8</run_address>
         <size>0x62</size>
         <input_file_ref idref="fl-5"/>
      </object_component>
      <object_component id="oc-164">
         <name>.text:copy_in</name>
         <load_address>0xea4a</load_address>
         <run_address>0xea4a</run_address>
         <size>0x5a</size>
         <input_file_ref idref="fl-3a"/>
      </object_component>
      <object_component id="oc-198">
         <name>.text:computeAccel</name>
         <load_address>0xeaa4</load_address>
         <run_address>0xeaa4</run_address>
         <size>0x54</size>
         <input_file_ref idref="fl-2"/>
      </object_component>
      <object_component id="oc-1a1">
         <name>.text:startMode</name>
         <load_address>0xeaf8</load_address>
         <run_address>0xeaf8</run_address>
         <size>0x4e</size>
         <input_file_ref idref="fl-2"/>
      </object_component>
      <object_component id="oc-2a3">
         <name>.text</name>
         <load_address>0xeb46</load_address>
         <run_address>0xeb46</run_address>
         <size>0x4c</size>
         <input_file_ref idref="fl-32"/>
      </object_component>
      <object_component id="oc-1a7">
         <name>.text:checkCap</name>
         <load_address>0xeb92</load_address>
         <run_address>0xeb92</run_address>
         <size>0x48</size>
         <input_file_ref idref="fl-2"/>
      </object_component>
      <object_component id="oc-18c">
         <name>.text:initAccel</name>
         <load_address>0xebda</load_address>
         <run_address>0xebda</run_address>
         <size>0x3c</size>
         <input_file_ref idref="fl-2"/>
      </object_component>
      <object_component id="oc-233">
         <name>.text:TI_CAPT_Buttons</name>
         <load_address>0xec16</load_address>
         <run_address>0xec16</run_address>
         <size>0x38</size>
         <input_file_ref idref="fl-5"/>
      </object_component>
      <object_component id="oc-29e">
         <name>.text</name>
         <load_address>0xec4e</load_address>
         <run_address>0xec4e</run_address>
         <size>0x2c</size>
         <input_file_ref idref="fl-31"/>
      </object_component>
      <object_component id="oc-21e">
         <name>.text:i2c_init</name>
         <load_address>0xec7a</load_address>
         <run_address>0xec7a</run_address>
         <size>0x2a</size>
         <input_file_ref idref="fl-6"/>
      </object_component>
      <object_component id="oc-1b9">
         <name>.text:i2c_send_sequence</name>
         <load_address>0xeca4</load_address>
         <run_address>0xeca4</run_address>
         <size>0x20</size>
         <input_file_ref idref="fl-6"/>
      </object_component>
      <object_component id="oc-192">
         <name>.text:sleep</name>
         <load_address>0xecc4</load_address>
         <run_address>0xecc4</run_address>
         <size>0x1c</size>
         <input_file_ref idref="fl-2"/>
      </object_component>
      <object_component id="oc-61">
         <name>.text:_c_int00_noargs_noexit</name>
         <load_address>0xece0</load_address>
         <run_address>0xece0</run_address>
         <size>0x1a</size>
         <input_file_ref idref="fl-22"/>
      </object_component>
      <object_component id="oc-186">
         <name>.text:initCap</name>
         <load_address>0xecfa</load_address>
         <run_address>0xecfa</run_address>
         <size>0x16</size>
         <input_file_ref idref="fl-2"/>
      </object_component>
      <object_component id="oc-2a9">
         <name>.text</name>
         <load_address>0xed10</load_address>
         <run_address>0xed10</run_address>
         <size>0x16</size>
         <input_file_ref idref="fl-26"/>
      </object_component>
      <object_component id="oc-1c5">
         <name>.text:startMotor</name>
         <load_address>0xed26</load_address>
         <run_address>0xed26</run_address>
         <size>0x16</size>
         <input_file_ref idref="fl-2"/>
      </object_component>
      <object_component id="oc-f3">
         <name>.text:ISR_Timer0_A0</name>
         <load_address>0xed3c</load_address>
         <run_address>0xed3c</run_address>
         <size>0x14</size>
         <input_file_ref idref="fl-2"/>
      </object_component>
      <object_component id="oc-1df">
         <name>.text</name>
         <load_address>0xed50</load_address>
         <run_address>0xed50</run_address>
         <size>0x14</size>
         <input_file_ref idref="fl-35"/>
      </object_component>
      <object_component id="oc-2e">
         <name>.text:decompress:none:__TI_decompress_none</name>
         <load_address>0xed64</load_address>
         <run_address>0xed64</run_address>
         <size>0x12</size>
         <input_file_ref idref="fl-23"/>
      </object_component>
      <object_component id="oc-ce">
         <name>.text:memcpy</name>
         <load_address>0xed76</load_address>
         <run_address>0xed76</run_address>
         <size>0x12</size>
         <input_file_ref idref="fl-33"/>
      </object_component>
      <object_component id="oc-211">
         <name>.text:TI_CAPT_Init_Baseline</name>
         <load_address>0xed88</load_address>
         <run_address>0xed88</run_address>
         <size>0x10</size>
         <input_file_ref idref="fl-5"/>
      </object_component>
      <object_component id="oc-14f">
         <name>.text</name>
         <load_address>0xed98</load_address>
         <run_address>0xed98</run_address>
         <size>0x10</size>
         <input_file_ref idref="fl-27"/>
      </object_component>
      <object_component id="oc-26e">
         <name>.text:TI_CAPT_Raw</name>
         <load_address>0xeda8</load_address>
         <run_address>0xeda8</run_address>
         <size>0xe</size>
         <input_file_ref idref="fl-5"/>
      </object_component>
      <object_component id="oc-1bf">
         <name>.text:stopMotor</name>
         <load_address>0xedb6</load_address>
         <run_address>0xedb6</run_address>
         <size>0xe</size>
         <input_file_ref idref="fl-2"/>
      </object_component>
      <object_component id="oc-1ad">
         <name>.text:TI_CAPT_Reset_Tracking</name>
         <load_address>0xedc4</load_address>
         <run_address>0xedc4</run_address>
         <size>0x8</size>
         <input_file_ref idref="fl-5"/>
      </object_component>
      <object_component id="oc-e8">
         <name>.text:_isr:__TI_ISR_TRAP</name>
         <load_address>0xedcc</load_address>
         <run_address>0xedcc</run_address>
         <size>0x8</size>
         <input_file_ref idref="fl-30"/>
      </object_component>
      <object_component id="oc-f9">
         <name>.text:watchdog_timer</name>
         <load_address>0xedd4</load_address>
         <run_address>0xedd4</run_address>
         <size>0x8</size>
         <input_file_ref idref="fl-4"/>
      </object_component>
      <object_component id="oc-12e">
         <name>.text:abort</name>
         <load_address>0xeddc</load_address>
         <run_address>0xeddc</run_address>
         <size>0x6</size>
         <input_file_ref idref="fl-28"/>
      </object_component>
      <object_component id="oc-34">
         <name>.text:decompress:rle24:__TI_decompress_rle24</name>
         <load_address>0xede2</load_address>
         <run_address>0xede2</run_address>
         <size>0x6</size>
         <input_file_ref idref="fl-24"/>
      </object_component>
      <object_component id="oc-106">
         <name>.text:_system_pre_init</name>
         <load_address>0xede8</load_address>
         <run_address>0xede8</run_address>
         <size>0x4</size>
         <input_file_ref idref="fl-36"/>
      </object_component>
      <object_component id="oc-16a">
         <name>.text:_system_post_cinit</name>
         <load_address>0xedec</load_address>
         <run_address>0xedec</run_address>
         <size>0x2</size>
         <input_file_ref idref="fl-3b"/>
      </object_component>
      <object_component id="oc-2ed">
         <name>.cinit..data.load</name>
         <load_address>0xee3e</load_address>
         <run_address>0xee3e</run_address>
         <size>0xd</size>
      </object_component>
      <object_component id="oc-2ec">
         <name>.cinit..bss.load</name>
         <load_address>0xee4c</load_address>
         <run_address>0xee4c</run_address>
         <size>0x9</size>
      </object_component>
      <object_component id="oc-2ea">
         <name>__TI_handler_table</name>
         <load_address>0xee56</load_address>
         <run_address>0xee56</run_address>
         <size>0x4</size>
      </object_component>
      <object_component id="oc-2eb">
         <name>__TI_cinit_table</name>
         <load_address>0xee5a</load_address>
         <run_address>0xee5a</run_address>
         <size>0x8</size>
      </object_component>
      <object_component id="oc-20e">
         <name>.const:buttons</name>
         <load_address>0xedee</load_address>
         <run_address>0xedee</run_address>
         <size>0xe</size>
         <input_file_ref idref="fl-3"/>
      </object_component>
      <object_component id="oc-1b3">
         <name>.const:mma8452_read_interrupt_source</name>
         <load_address>0xedfc</load_address>
         <run_address>0xedfc</run_address>
         <size>0xc</size>
         <input_file_ref idref="fl-2"/>
      </object_component>
      <object_component id="oc-227">
         <name>.const:mma8452_start</name>
         <load_address>0xee08</load_address>
         <run_address>0xee08</run_address>
         <size>0xc</size>
         <input_file_ref idref="fl-2"/>
      </object_component>
      <object_component id="oc-224">
         <name>.const:mma8452_stop</name>
         <load_address>0xee14</load_address>
         <run_address>0xee14</run_address>
         <size>0xc</size>
         <input_file_ref idref="fl-2"/>
      </object_component>
      <object_component id="oc-23a">
         <name>.const:aroma_element</name>
         <load_address>0xee20</load_address>
         <run_address>0xee20</run_address>
         <size>0xa</size>
         <input_file_ref idref="fl-3"/>
      </object_component>
      <object_component id="oc-23d">
         <name>.const:boost_element</name>
         <load_address>0xee2a</load_address>
         <run_address>0xee2a</run_address>
         <size>0xa</size>
         <input_file_ref idref="fl-3"/>
      </object_component>
      <object_component id="oc-240">
         <name>.const:continu_element</name>
         <load_address>0xee34</load_address>
         <run_address>0xee34</run_address>
         <size>0xa</size>
         <input_file_ref idref="fl-3"/>
      </object_component>
      <object_component id="oc-3a">
         <name>.int02</name>
         <load_address>0xffe4</load_address>
         <run_address>0xffe4</run_address>
         <size>0x2</size>
         <input_file_ref idref="fl-2a"/>
      </object_component>
      <object_component id="oc-3b">
         <name>.int03</name>
         <load_address>0xffe6</load_address>
         <run_address>0xffe6</run_address>
         <size>0x2</size>
         <input_file_ref idref="fl-2b"/>
      </object_component>
      <object_component id="oc-3c">
         <name>.int04</name>
         <load_address>0xffe8</load_address>
         <run_address>0xffe8</run_address>
         <size>0x2</size>
         <input_file_ref idref="fl-6"/>
      </object_component>
      <object_component id="oc-3d">
         <name>.int05</name>
         <load_address>0xffea</load_address>
         <run_address>0xffea</run_address>
         <size>0x2</size>
         <input_file_ref idref="fl-2c"/>
      </object_component>
      <object_component id="oc-3e">
         <name>.int08</name>
         <load_address>0xfff0</load_address>
         <run_address>0xfff0</run_address>
         <size>0x2</size>
         <input_file_ref idref="fl-2d"/>
      </object_component>
      <object_component id="oc-3f">
         <name>.int09</name>
         <load_address>0xfff2</load_address>
         <run_address>0xfff2</run_address>
         <size>0x2</size>
         <input_file_ref idref="fl-2"/>
      </object_component>
      <object_component id="oc-40">
         <name>.int10</name>
         <load_address>0xfff4</load_address>
         <run_address>0xfff4</run_address>
         <size>0x2</size>
         <input_file_ref idref="fl-4"/>
      </object_component>
      <object_component id="oc-41">
         <name>.int11</name>
         <load_address>0xfff6</load_address>
         <run_address>0xfff6</run_address>
         <size>0x2</size>
         <input_file_ref idref="fl-2e"/>
      </object_component>
      <object_component id="oc-42">
         <name>.int14</name>
         <load_address>0xfffc</load_address>
         <run_address>0xfffc</run_address>
         <size>0x2</size>
         <input_file_ref idref="fl-2f"/>
      </object_component>
      <object_component id="oc-cd">
         <name>.reset</name>
         <load_address>0xfffe</load_address>
         <run_address>0xfffe</run_address>
         <size>0x2</size>
         <input_file_ref idref="fl-21"/>
      </object_component>
      <object_component id="oc-1b7">
         <name>.debug_info</name>
         <load_address>0x0</load_address>
         <run_address>0x0</run_address>
         <size>0x57c</size>
         <input_file_ref idref="fl-2"/>
      </object_component>
      <object_component id="oc-1b4">
         <name>.debug_info</name>
         <load_address>0x57c</load_address>
         <run_address>0x57c</run_address>
         <size>0xf5</size>
         <input_file_ref idref="fl-2"/>
      </object_component>
      <object_component id="oc-225">
         <name>.debug_info</name>
         <load_address>0x671</load_address>
         <run_address>0x671</run_address>
         <size>0xd3</size>
         <input_file_ref idref="fl-2"/>
      </object_component>
      <object_component id="oc-228">
         <name>.debug_info</name>
         <load_address>0x744</load_address>
         <run_address>0x744</run_address>
         <size>0xd5</size>
         <input_file_ref idref="fl-2"/>
      </object_component>
      <object_component id="oc-22d">
         <name>.debug_info</name>
         <load_address>0x819</load_address>
         <run_address>0x819</run_address>
         <size>0xc0</size>
         <input_file_ref idref="fl-2"/>
      </object_component>
      <object_component id="oc-19f">
         <name>.debug_info</name>
         <load_address>0x8d9</load_address>
         <run_address>0x8d9</run_address>
         <size>0x1cc</size>
         <input_file_ref idref="fl-2"/>
      </object_component>
      <object_component id="oc-18d">
         <name>.debug_info</name>
         <load_address>0xaa5</load_address>
         <run_address>0xaa5</run_address>
         <size>0x165</size>
         <input_file_ref idref="fl-2"/>
      </object_component>
      <object_component id="oc-199">
         <name>.debug_info</name>
         <load_address>0xc0a</load_address>
         <run_address>0xc0a</run_address>
         <size>0x13b</size>
         <input_file_ref idref="fl-2"/>
      </object_component>
      <object_component id="oc-187">
         <name>.debug_info</name>
         <load_address>0xd45</load_address>
         <run_address>0xd45</run_address>
         <size>0x146</size>
         <input_file_ref idref="fl-2"/>
      </object_component>
      <object_component id="oc-1c6">
         <name>.debug_info</name>
         <load_address>0xe8b</load_address>
         <run_address>0xe8b</run_address>
         <size>0x112</size>
         <input_file_ref idref="fl-2"/>
      </object_component>
      <object_component id="oc-1c0">
         <name>.debug_info</name>
         <load_address>0xf9d</load_address>
         <run_address>0xf9d</run_address>
         <size>0x110</size>
         <input_file_ref idref="fl-2"/>
      </object_component>
      <object_component id="oc-1a2">
         <name>.debug_info</name>
         <load_address>0x10ad</load_address>
         <run_address>0x10ad</run_address>
         <size>0x131</size>
         <input_file_ref idref="fl-2"/>
      </object_component>
      <object_component id="oc-1a8">
         <name>.debug_info</name>
         <load_address>0x11de</load_address>
         <run_address>0x11de</run_address>
         <size>0x144</size>
         <input_file_ref idref="fl-2"/>
      </object_component>
      <object_component id="oc-193">
         <name>.debug_info</name>
         <load_address>0x1322</load_address>
         <run_address>0x1322</run_address>
         <size>0x12a</size>
         <input_file_ref idref="fl-2"/>
      </object_component>
      <object_component id="oc-127">
         <name>.debug_info</name>
         <load_address>0x144c</load_address>
         <run_address>0x144c</run_address>
         <size>0x1fd</size>
         <input_file_ref idref="fl-2"/>
      </object_component>
      <object_component id="oc-f4">
         <name>.debug_info</name>
         <load_address>0x1649</load_address>
         <run_address>0x1649</run_address>
         <size>0x119</size>
         <input_file_ref idref="fl-2"/>
      </object_component>
      <object_component id="oc-24c">
         <name>.debug_info</name>
         <load_address>0x1762</load_address>
         <run_address>0x1762</run_address>
         <size>0x51</size>
         <input_file_ref idref="fl-2"/>
      </object_component>
      <object_component id="oc-251">
         <name>.debug_info</name>
         <load_address>0x17b3</load_address>
         <run_address>0x17b3</run_address>
         <size>0x124</size>
         <input_file_ref idref="fl-2"/>
      </object_component>
      <object_component id="oc-13c">
         <name>.debug_info</name>
         <load_address>0x18d7</load_address>
         <run_address>0x18d7</run_address>
         <size>0x84</size>
         <input_file_ref idref="fl-2"/>
      </object_component>
      <object_component id="oc-1cc">
         <name>.debug_info</name>
         <load_address>0x195b</load_address>
         <run_address>0x195b</run_address>
         <size>0x18b</size>
         <input_file_ref idref="fl-2"/>
      </object_component>
      <object_component id="oc-1d7">
         <name>.debug_info</name>
         <load_address>0x1ae6</load_address>
         <run_address>0x1ae6</run_address>
         <size>0x79</size>
         <input_file_ref idref="fl-2"/>
      </object_component>
      <object_component id="oc-26a">
         <name>.debug_info</name>
         <load_address>0x1b5f</load_address>
         <run_address>0x1b5f</run_address>
         <size>0x109</size>
         <input_file_ref idref="fl-3"/>
      </object_component>
      <object_component id="oc-23b">
         <name>.debug_info</name>
         <load_address>0x1c68</load_address>
         <run_address>0x1c68</run_address>
         <size>0xdb</size>
         <input_file_ref idref="fl-3"/>
      </object_component>
      <object_component id="oc-23e">
         <name>.debug_info</name>
         <load_address>0x1d43</load_address>
         <run_address>0x1d43</run_address>
         <size>0xdb</size>
         <input_file_ref idref="fl-3"/>
      </object_component>
      <object_component id="oc-241">
         <name>.debug_info</name>
         <load_address>0x1e1e</load_address>
         <run_address>0x1e1e</run_address>
         <size>0xdf</size>
         <input_file_ref idref="fl-3"/>
      </object_component>
      <object_component id="oc-20f">
         <name>.debug_info</name>
         <load_address>0x1efd</load_address>
         <run_address>0x1efd</run_address>
         <size>0xcf</size>
         <input_file_ref idref="fl-3"/>
      </object_component>
      <object_component id="oc-2b0">
         <name>.debug_info</name>
         <load_address>0x1fcc</load_address>
         <run_address>0x1fcc</run_address>
         <size>0x2b8</size>
         <input_file_ref idref="fl-4"/>
      </object_component>
      <object_component id="oc-298">
         <name>.debug_info</name>
         <load_address>0x2284</load_address>
         <run_address>0x2284</run_address>
         <size>0x2db</size>
         <input_file_ref idref="fl-4"/>
      </object_component>
      <object_component id="oc-fa">
         <name>.debug_info</name>
         <load_address>0x255f</load_address>
         <run_address>0x255f</run_address>
         <size>0x11b</size>
         <input_file_ref idref="fl-4"/>
      </object_component>
      <object_component id="oc-26c">
         <name>.debug_info</name>
         <load_address>0x267a</load_address>
         <run_address>0x267a</run_address>
         <size>0x1eb</size>
         <input_file_ref idref="fl-5"/>
      </object_component>
      <object_component id="oc-245">
         <name>.debug_info</name>
         <load_address>0x2865</load_address>
         <run_address>0x2865</run_address>
         <size>0xd5</size>
         <input_file_ref idref="fl-5"/>
      </object_component>
      <object_component id="oc-26f">
         <name>.debug_info</name>
         <load_address>0x293a</load_address>
         <run_address>0x293a</run_address>
         <size>0x19f</size>
         <input_file_ref idref="fl-5"/>
      </object_component>
      <object_component id="oc-212">
         <name>.debug_info</name>
         <load_address>0x2ad9</load_address>
         <run_address>0x2ad9</run_address>
         <size>0x18e</size>
         <input_file_ref idref="fl-5"/>
      </object_component>
      <object_component id="oc-218">
         <name>.debug_info</name>
         <load_address>0x2c67</load_address>
         <run_address>0x2c67</run_address>
         <size>0x1fa</size>
         <input_file_ref idref="fl-5"/>
      </object_component>
      <object_component id="oc-1ae">
         <name>.debug_info</name>
         <load_address>0x2e61</load_address>
         <run_address>0x2e61</run_address>
         <size>0x130</size>
         <input_file_ref idref="fl-5"/>
      </object_component>
      <object_component id="oc-27f">
         <name>.debug_info</name>
         <load_address>0x2f91</load_address>
         <run_address>0x2f91</run_address>
         <size>0x2cb</size>
         <input_file_ref idref="fl-5"/>
      </object_component>
      <object_component id="oc-234">
         <name>.debug_info</name>
         <load_address>0x325c</load_address>
         <run_address>0x325c</run_address>
         <size>0x1b3</size>
         <input_file_ref idref="fl-5"/>
      </object_component>
      <object_component id="oc-285">
         <name>.debug_info</name>
         <load_address>0x340f</load_address>
         <run_address>0x340f</run_address>
         <size>0x223</size>
         <input_file_ref idref="fl-5"/>
      </object_component>
      <object_component id="oc-1de">
         <name>.debug_info</name>
         <load_address>0x3632</load_address>
         <run_address>0x3632</run_address>
         <size>0x28d</size>
         <input_file_ref idref="fl-6"/>
      </object_component>
      <object_component id="oc-15c">
         <name>.debug_info</name>
         <load_address>0x38bf</load_address>
         <run_address>0x38bf</run_address>
         <size>0x170</size>
         <input_file_ref idref="fl-6"/>
      </object_component>
      <object_component id="oc-159">
         <name>.debug_info</name>
         <load_address>0x3a2f</load_address>
         <run_address>0x3a2f</run_address>
         <size>0xcd</size>
         <input_file_ref idref="fl-6"/>
      </object_component>
      <object_component id="oc-1ba">
         <name>.debug_info</name>
         <load_address>0x3afc</load_address>
         <run_address>0x3afc</run_address>
         <size>0x22d</size>
         <input_file_ref idref="fl-6"/>
      </object_component>
      <object_component id="oc-ee">
         <name>.debug_info</name>
         <load_address>0x3d29</load_address>
         <run_address>0x3d29</run_address>
         <size>0x10c</size>
         <input_file_ref idref="fl-6"/>
      </object_component>
      <object_component id="oc-21f">
         <name>.debug_info</name>
         <load_address>0x3e35</load_address>
         <run_address>0x3e35</run_address>
         <size>0x188</size>
         <input_file_ref idref="fl-6"/>
      </object_component>
      <object_component id="oc-cb">
         <name>.debug_info</name>
         <load_address>0x3fbd</load_address>
         <run_address>0x3fbd</run_address>
         <size>0x111</size>
         <input_file_ref idref="fl-21"/>
      </object_component>
      <object_component id="oc-62">
         <name>.debug_info</name>
         <load_address>0x40ce</load_address>
         <run_address>0x40ce</run_address>
         <size>0x1b2</size>
         <input_file_ref idref="fl-22"/>
      </object_component>
      <object_component id="oc-da">
         <name>.debug_info</name>
         <load_address>0x4280</load_address>
         <run_address>0x4280</run_address>
         <size>0x1ce</size>
         <input_file_ref idref="fl-23"/>
      </object_component>
      <object_component id="oc-2f">
         <name>.debug_info</name>
         <load_address>0x444e</load_address>
         <run_address>0x444e</run_address>
         <size>0x1fb</size>
         <input_file_ref idref="fl-23"/>
      </object_component>
      <object_component id="oc-d5">
         <name>.debug_info</name>
         <load_address>0x4649</load_address>
         <run_address>0x4649</run_address>
         <size>0x46</size>
         <input_file_ref idref="fl-23"/>
      </object_component>
      <object_component id="oc-148">
         <name>.debug_info</name>
         <load_address>0x468f</load_address>
         <run_address>0x468f</run_address>
         <size>0x2c</size>
         <input_file_ref idref="fl-23"/>
      </object_component>
      <object_component id="oc-e2">
         <name>.debug_info</name>
         <load_address>0x46bb</load_address>
         <run_address>0x46bb</run_address>
         <size>0x190</size>
         <input_file_ref idref="fl-24"/>
      </object_component>
      <object_component id="oc-dc">
         <name>.debug_info</name>
         <load_address>0x484b</load_address>
         <run_address>0x484b</run_address>
         <size>0x256</size>
         <input_file_ref idref="fl-24"/>
      </object_component>
      <object_component id="oc-35">
         <name>.debug_info</name>
         <load_address>0x4aa1</load_address>
         <run_address>0x4aa1</run_address>
         <size>0x1cd</size>
         <input_file_ref idref="fl-24"/>
      </object_component>
      <object_component id="oc-e3">
         <name>.debug_info</name>
         <load_address>0x4c6e</load_address>
         <run_address>0x4c6e</run_address>
         <size>0x39</size>
         <input_file_ref idref="fl-24"/>
      </object_component>
      <object_component id="oc-143">
         <name>.debug_info</name>
         <load_address>0x4ca7</load_address>
         <run_address>0x4ca7</run_address>
         <size>0x2c</size>
         <input_file_ref idref="fl-25"/>
      </object_component>
      <object_component id="oc-2aa">
         <name>.debug_info</name>
         <load_address>0x4cd3</load_address>
         <run_address>0x4cd3</run_address>
         <size>0x135</size>
         <input_file_ref idref="fl-26"/>
      </object_component>
      <object_component id="oc-150">
         <name>.debug_info</name>
         <load_address>0x4e08</load_address>
         <run_address>0x4e08</run_address>
         <size>0x142</size>
         <input_file_ref idref="fl-27"/>
      </object_component>
      <object_component id="oc-12f">
         <name>.debug_info</name>
         <load_address>0x4f4a</load_address>
         <run_address>0x4f4a</run_address>
         <size>0x133</size>
         <input_file_ref idref="fl-28"/>
      </object_component>
      <object_component id="oc-e9">
         <name>.debug_info</name>
         <load_address>0x507d</load_address>
         <run_address>0x507d</run_address>
         <size>0x123</size>
         <input_file_ref idref="fl-30"/>
      </object_component>
      <object_component id="oc-29f">
         <name>.debug_info</name>
         <load_address>0x51a0</load_address>
         <run_address>0x51a0</run_address>
         <size>0x134</size>
         <input_file_ref idref="fl-31"/>
      </object_component>
      <object_component id="oc-2a4">
         <name>.debug_info</name>
         <load_address>0x52d4</load_address>
         <run_address>0x52d4</run_address>
         <size>0x134</size>
         <input_file_ref idref="fl-32"/>
      </object_component>
      <object_component id="oc-142">
         <name>.debug_info</name>
         <load_address>0x5408</load_address>
         <run_address>0x5408</run_address>
         <size>0x189</size>
         <input_file_ref idref="fl-33"/>
      </object_component>
      <object_component id="oc-cf">
         <name>.debug_info</name>
         <load_address>0x5591</load_address>
         <run_address>0x5591</run_address>
         <size>0x1ad</size>
         <input_file_ref idref="fl-33"/>
      </object_component>
      <object_component id="oc-1e0">
         <name>.debug_info</name>
         <load_address>0x573e</load_address>
         <run_address>0x573e</run_address>
         <size>0x135</size>
         <input_file_ref idref="fl-35"/>
      </object_component>
      <object_component id="oc-107">
         <name>.debug_info</name>
         <load_address>0x5873</load_address>
         <run_address>0x5873</run_address>
         <size>0x164</size>
         <input_file_ref idref="fl-36"/>
      </object_component>
      <object_component id="oc-171">
         <name>.debug_info</name>
         <load_address>0x59d7</load_address>
         <run_address>0x59d7</run_address>
         <size>0x3d2</size>
         <input_file_ref idref="fl-39"/>
      </object_component>
      <object_component id="oc-10d">
         <name>.debug_info</name>
         <load_address>0x5da9</load_address>
         <run_address>0x5da9</run_address>
         <size>0x1de</size>
         <input_file_ref idref="fl-39"/>
      </object_component>
      <object_component id="oc-1e9">
         <name>.debug_info</name>
         <load_address>0x5f87</load_address>
         <run_address>0x5f87</run_address>
         <size>0x39</size>
         <input_file_ref idref="fl-39"/>
      </object_component>
      <object_component id="oc-1ee">
         <name>.debug_info</name>
         <load_address>0x5fc0</load_address>
         <run_address>0x5fc0</run_address>
         <size>0xcd</size>
         <input_file_ref idref="fl-39"/>
      </object_component>
      <object_component id="oc-1e5">
         <name>.debug_info</name>
         <load_address>0x608d</load_address>
         <run_address>0x608d</run_address>
         <size>0x26e</size>
         <input_file_ref idref="fl-3a"/>
      </object_component>
      <object_component id="oc-165">
         <name>.debug_info</name>
         <load_address>0x62fb</load_address>
         <run_address>0x62fb</run_address>
         <size>0x1cc</size>
         <input_file_ref idref="fl-3a"/>
      </object_component>
      <object_component id="oc-25e">
         <name>.debug_info</name>
         <load_address>0x64c7</load_address>
         <run_address>0x64c7</run_address>
         <size>0x2c</size>
         <input_file_ref idref="fl-3a"/>
      </object_component>
      <object_component id="oc-16b">
         <name>.debug_info</name>
         <load_address>0x64f3</load_address>
         <run_address>0x64f3</run_address>
         <size>0x161</size>
         <input_file_ref idref="fl-3b"/>
      </object_component>
      <object_component id="oc-2ef">
         <name>.debug_info</name>
         <load_address>0x6654</load_address>
         <run_address>0x6654</run_address>
         <size>0x92</size>
      </object_component>
      <object_component id="oc-24b">
         <name>.debug_line</name>
         <load_address>0x0</load_address>
         <run_address>0x0</run_address>
         <size>0x164</size>
         <input_file_ref idref="fl-2"/>
      </object_component>
      <object_component id="oc-249">
         <name>.debug_line</name>
         <load_address>0x164</load_address>
         <run_address>0x164</run_address>
         <size>0x39</size>
         <input_file_ref idref="fl-2"/>
      </object_component>
      <object_component id="oc-279">
         <name>.debug_line</name>
         <load_address>0x19d</load_address>
         <run_address>0x19d</run_address>
         <size>0x39</size>
         <input_file_ref idref="fl-2"/>
      </object_component>
      <object_component id="oc-27b">
         <name>.debug_line</name>
         <load_address>0x1d6</load_address>
         <run_address>0x1d6</run_address>
         <size>0x39</size>
         <input_file_ref idref="fl-2"/>
      </object_component>
      <object_component id="oc-27d">
         <name>.debug_line</name>
         <load_address>0x20f</load_address>
         <run_address>0x20f</run_address>
         <size>0x39</size>
         <input_file_ref idref="fl-2"/>
      </object_component>
      <object_component id="oc-231">
         <name>.debug_line</name>
         <load_address>0x248</load_address>
         <run_address>0x248</run_address>
         <size>0x39</size>
         <input_file_ref idref="fl-2"/>
      </object_component>
      <object_component id="oc-190">
         <name>.debug_line</name>
         <load_address>0x281</load_address>
         <run_address>0x281</run_address>
         <size>0x52</size>
         <input_file_ref idref="fl-2"/>
      </object_component>
      <object_component id="oc-19c">
         <name>.debug_line</name>
         <load_address>0x2d3</load_address>
         <run_address>0x2d3</run_address>
         <size>0x77</size>
         <input_file_ref idref="fl-2"/>
      </object_component>
      <object_component id="oc-18a">
         <name>.debug_line</name>
         <load_address>0x34a</load_address>
         <run_address>0x34a</run_address>
         <size>0x4f</size>
         <input_file_ref idref="fl-2"/>
      </object_component>
      <object_component id="oc-1c9">
         <name>.debug_line</name>
         <load_address>0x399</load_address>
         <run_address>0x399</run_address>
         <size>0x55</size>
         <input_file_ref idref="fl-2"/>
      </object_component>
      <object_component id="oc-1c3">
         <name>.debug_line</name>
         <load_address>0x3ee</load_address>
         <run_address>0x3ee</run_address>
         <size>0x4e</size>
         <input_file_ref idref="fl-2"/>
      </object_component>
      <object_component id="oc-1a5">
         <name>.debug_line</name>
         <load_address>0x43c</load_address>
         <run_address>0x43c</run_address>
         <size>0x65</size>
         <input_file_ref idref="fl-2"/>
      </object_component>
      <object_component id="oc-1ab">
         <name>.debug_line</name>
         <load_address>0x4a1</load_address>
         <run_address>0x4a1</run_address>
         <size>0x6b</size>
         <input_file_ref idref="fl-2"/>
      </object_component>
      <object_component id="oc-196">
         <name>.debug_line</name>
         <load_address>0x50c</load_address>
         <run_address>0x50c</run_address>
         <size>0x58</size>
         <input_file_ref idref="fl-2"/>
      </object_component>
      <object_component id="oc-12a">
         <name>.debug_line</name>
         <load_address>0x564</load_address>
         <run_address>0x564</run_address>
         <size>0x106</size>
         <input_file_ref idref="fl-2"/>
      </object_component>
      <object_component id="oc-f7">
         <name>.debug_line</name>
         <load_address>0x66a</load_address>
         <run_address>0x66a</run_address>
         <size>0x51</size>
         <input_file_ref idref="fl-2"/>
      </object_component>
      <object_component id="oc-24f">
         <name>.debug_line</name>
         <load_address>0x6bb</load_address>
         <run_address>0x6bb</run_address>
         <size>0x39</size>
         <input_file_ref idref="fl-2"/>
      </object_component>
      <object_component id="oc-254">
         <name>.debug_line</name>
         <load_address>0x6f4</load_address>
         <run_address>0x6f4</run_address>
         <size>0x56</size>
         <input_file_ref idref="fl-2"/>
      </object_component>
      <object_component id="oc-13f">
         <name>.debug_line</name>
         <load_address>0x74a</load_address>
         <run_address>0x74a</run_address>
         <size>0x20</size>
         <input_file_ref idref="fl-2"/>
      </object_component>
      <object_component id="oc-1cf">
         <name>.debug_line</name>
         <load_address>0x76a</load_address>
         <run_address>0x76a</run_address>
         <size>0x6e</size>
         <input_file_ref idref="fl-2"/>
      </object_component>
      <object_component id="oc-1da">
         <name>.debug_line</name>
         <load_address>0x7d8</load_address>
         <run_address>0x7d8</run_address>
         <size>0x50</size>
         <input_file_ref idref="fl-2"/>
      </object_component>
      <object_component id="oc-294">
         <name>.debug_line</name>
         <load_address>0x828</load_address>
         <run_address>0x828</run_address>
         <size>0x61</size>
         <input_file_ref idref="fl-3"/>
      </object_component>
      <object_component id="oc-28c">
         <name>.debug_line</name>
         <load_address>0x889</load_address>
         <run_address>0x889</run_address>
         <size>0x3e</size>
         <input_file_ref idref="fl-3"/>
      </object_component>
      <object_component id="oc-28e">
         <name>.debug_line</name>
         <load_address>0x8c7</load_address>
         <run_address>0x8c7</run_address>
         <size>0x3e</size>
         <input_file_ref idref="fl-3"/>
      </object_component>
      <object_component id="oc-290">
         <name>.debug_line</name>
         <load_address>0x905</load_address>
         <run_address>0x905</run_address>
         <size>0x3e</size>
         <input_file_ref idref="fl-3"/>
      </object_component>
      <object_component id="oc-269">
         <name>.debug_line</name>
         <load_address>0x943</load_address>
         <run_address>0x943</run_address>
         <size>0x3e</size>
         <input_file_ref idref="fl-3"/>
      </object_component>
      <object_component id="oc-2b5">
         <name>.debug_line</name>
         <load_address>0x981</load_address>
         <run_address>0x981</run_address>
         <size>0xb3</size>
         <input_file_ref idref="fl-4"/>
      </object_component>
      <object_component id="oc-29b">
         <name>.debug_line</name>
         <load_address>0xa34</load_address>
         <run_address>0xa34</run_address>
         <size>0x9e</size>
         <input_file_ref idref="fl-4"/>
      </object_component>
      <object_component id="oc-fd">
         <name>.debug_line</name>
         <load_address>0xad2</load_address>
         <run_address>0xad2</run_address>
         <size>0x4e</size>
         <input_file_ref idref="fl-4"/>
      </object_component>
      <object_component id="oc-296">
         <name>.debug_line</name>
         <load_address>0xb20</load_address>
         <run_address>0xb20</run_address>
         <size>0x52</size>
         <input_file_ref idref="fl-5"/>
      </object_component>
      <object_component id="oc-292">
         <name>.debug_line</name>
         <load_address>0xb72</load_address>
         <run_address>0xb72</run_address>
         <size>0x3a</size>
         <input_file_ref idref="fl-5"/>
      </object_component>
      <object_component id="oc-272">
         <name>.debug_line</name>
         <load_address>0xbac</load_address>
         <run_address>0xbac</run_address>
         <size>0x5b</size>
         <input_file_ref idref="fl-5"/>
      </object_component>
      <object_component id="oc-215">
         <name>.debug_line</name>
         <load_address>0xc07</load_address>
         <run_address>0xc07</run_address>
         <size>0x50</size>
         <input_file_ref idref="fl-5"/>
      </object_component>
      <object_component id="oc-21b">
         <name>.debug_line</name>
         <load_address>0xc57</load_address>
         <run_address>0xc57</run_address>
         <size>0x67</size>
         <input_file_ref idref="fl-5"/>
      </object_component>
      <object_component id="oc-1b1">
         <name>.debug_line</name>
         <load_address>0xcbe</load_address>
         <run_address>0xcbe</run_address>
         <size>0x50</size>
         <input_file_ref idref="fl-5"/>
      </object_component>
      <object_component id="oc-282">
         <name>.debug_line</name>
         <load_address>0xd0e</load_address>
         <run_address>0xd0e</run_address>
         <size>0x11e</size>
         <input_file_ref idref="fl-5"/>
      </object_component>
      <object_component id="oc-237">
         <name>.debug_line</name>
         <load_address>0xe2c</load_address>
         <run_address>0xe2c</run_address>
         <size>0x59</size>
         <input_file_ref idref="fl-5"/>
      </object_component>
      <object_component id="oc-288">
         <name>.debug_line</name>
         <load_address>0xe85</load_address>
         <run_address>0xe85</run_address>
         <size>0x7b</size>
         <input_file_ref idref="fl-5"/>
      </object_component>
      <object_component id="oc-25a">
         <name>.debug_line</name>
         <load_address>0xf00</load_address>
         <run_address>0xf00</run_address>
         <size>0xb3</size>
         <input_file_ref idref="fl-6"/>
      </object_component>
      <object_component id="oc-1dd">
         <name>.debug_line</name>
         <load_address>0xfb3</load_address>
         <run_address>0xfb3</run_address>
         <size>0x38</size>
         <input_file_ref idref="fl-6"/>
      </object_component>
      <object_component id="oc-1d6">
         <name>.debug_line</name>
         <load_address>0xfeb</load_address>
         <run_address>0xfeb</run_address>
         <size>0x38</size>
         <input_file_ref idref="fl-6"/>
      </object_component>
      <object_component id="oc-1bd">
         <name>.debug_line</name>
         <load_address>0x1023</load_address>
         <run_address>0x1023</run_address>
         <size>0x53</size>
         <input_file_ref idref="fl-6"/>
      </object_component>
      <object_component id="oc-f1">
         <name>.debug_line</name>
         <load_address>0x1076</load_address>
         <run_address>0x1076</run_address>
         <size>0x106</size>
         <input_file_ref idref="fl-6"/>
      </object_component>
      <object_component id="oc-222">
         <name>.debug_line</name>
         <load_address>0x117c</load_address>
         <run_address>0x117c</run_address>
         <size>0x55</size>
         <input_file_ref idref="fl-6"/>
      </object_component>
      <object_component id="oc-13b">
         <name>.debug_line</name>
         <load_address>0x11d1</load_address>
         <run_address>0x11d1</run_address>
         <size>0x2a</size>
         <input_file_ref idref="fl-21"/>
      </object_component>
      <object_component id="oc-65">
         <name>.debug_line</name>
         <load_address>0x11fb</load_address>
         <run_address>0x11fb</run_address>
         <size>0x4c</size>
         <input_file_ref idref="fl-22"/>
      </object_component>
      <object_component id="oc-14e">
         <name>.debug_line</name>
         <load_address>0x1247</load_address>
         <run_address>0x1247</run_address>
         <size>0xa5</size>
         <input_file_ref idref="fl-23"/>
      </object_component>
      <object_component id="oc-32">
         <name>.debug_line</name>
         <load_address>0x12ec</load_address>
         <run_address>0x12ec</run_address>
         <size>0x50</size>
         <input_file_ref idref="fl-23"/>
      </object_component>
      <object_component id="oc-d8">
         <name>.debug_line</name>
         <load_address>0x133c</load_address>
         <run_address>0x133c</run_address>
         <size>0x3a</size>
         <input_file_ref idref="fl-23"/>
      </object_component>
      <object_component id="oc-14b">
         <name>.debug_line</name>
         <load_address>0x1376</load_address>
         <run_address>0x1376</run_address>
         <size>0xa5</size>
         <input_file_ref idref="fl-23"/>
      </object_component>
      <object_component id="oc-156">
         <name>.debug_line</name>
         <load_address>0x141b</load_address>
         <run_address>0x141b</run_address>
         <size>0x20</size>
         <input_file_ref idref="fl-24"/>
      </object_component>
      <object_component id="oc-df">
         <name>.debug_line</name>
         <load_address>0x143b</load_address>
         <run_address>0x143b</run_address>
         <size>0x87</size>
         <input_file_ref idref="fl-24"/>
      </object_component>
      <object_component id="oc-38">
         <name>.debug_line</name>
         <load_address>0x14c2</load_address>
         <run_address>0x14c2</run_address>
         <size>0x49</size>
         <input_file_ref idref="fl-24"/>
      </object_component>
      <object_component id="oc-e6">
         <name>.debug_line</name>
         <load_address>0x150b</load_address>
         <run_address>0x150b</run_address>
         <size>0x39</size>
         <input_file_ref idref="fl-24"/>
      </object_component>
      <object_component id="oc-146">
         <name>.debug_line</name>
         <load_address>0x1544</load_address>
         <run_address>0x1544</run_address>
         <size>0xa5</size>
         <input_file_ref idref="fl-25"/>
      </object_component>
      <object_component id="oc-2ad">
         <name>.debug_line</name>
         <load_address>0x15e9</load_address>
         <run_address>0x15e9</run_address>
         <size>0x43</size>
         <input_file_ref idref="fl-26"/>
      </object_component>
      <object_component id="oc-153">
         <name>.debug_line</name>
         <load_address>0x162c</load_address>
         <run_address>0x162c</run_address>
         <size>0x40</size>
         <input_file_ref idref="fl-27"/>
      </object_component>
      <object_component id="oc-132">
         <name>.debug_line</name>
         <load_address>0x166c</load_address>
         <run_address>0x166c</run_address>
         <size>0x3d</size>
         <input_file_ref idref="fl-28"/>
      </object_component>
      <object_component id="oc-ec">
         <name>.debug_line</name>
         <load_address>0x16a9</load_address>
         <run_address>0x16a9</run_address>
         <size>0x3d</size>
         <input_file_ref idref="fl-30"/>
      </object_component>
      <object_component id="oc-2a2">
         <name>.debug_line</name>
         <load_address>0x16e6</load_address>
         <run_address>0x16e6</run_address>
         <size>0x4e</size>
         <input_file_ref idref="fl-31"/>
      </object_component>
      <object_component id="oc-2a7">
         <name>.debug_line</name>
         <load_address>0x1734</load_address>
         <run_address>0x1734</run_address>
         <size>0x5e</size>
         <input_file_ref idref="fl-32"/>
      </object_component>
      <object_component id="oc-1d3">
         <name>.debug_line</name>
         <load_address>0x1792</load_address>
         <run_address>0x1792</run_address>
         <size>0x20</size>
         <input_file_ref idref="fl-33"/>
      </object_component>
      <object_component id="oc-d2">
         <name>.debug_line</name>
         <load_address>0x17b2</load_address>
         <run_address>0x17b2</run_address>
         <size>0x45</size>
         <input_file_ref idref="fl-33"/>
      </object_component>
      <object_component id="oc-1e3">
         <name>.debug_line</name>
         <load_address>0x17f7</load_address>
         <run_address>0x17f7</run_address>
         <size>0x42</size>
         <input_file_ref idref="fl-35"/>
      </object_component>
      <object_component id="oc-10a">
         <name>.debug_line</name>
         <load_address>0x1839</load_address>
         <run_address>0x1839</run_address>
         <size>0x3e</size>
         <input_file_ref idref="fl-36"/>
      </object_component>
      <object_component id="oc-1e8">
         <name>.debug_line</name>
         <load_address>0x1877</load_address>
         <run_address>0x1877</run_address>
         <size>0xc4</size>
         <input_file_ref idref="fl-39"/>
      </object_component>
      <object_component id="oc-110">
         <name>.debug_line</name>
         <load_address>0x193b</load_address>
         <run_address>0x193b</run_address>
         <size>0x91</size>
         <input_file_ref idref="fl-39"/>
      </object_component>
      <object_component id="oc-1ec">
         <name>.debug_line</name>
         <load_address>0x19cc</load_address>
         <run_address>0x19cc</run_address>
         <size>0x2e</size>
         <input_file_ref idref="fl-39"/>
      </object_component>
      <object_component id="oc-1f1">
         <name>.debug_line</name>
         <load_address>0x19fa</load_address>
         <run_address>0x19fa</run_address>
         <size>0xa6</size>
         <input_file_ref idref="fl-39"/>
      </object_component>
      <object_component id="oc-25d">
         <name>.debug_line</name>
         <load_address>0x1aa0</load_address>
         <run_address>0x1aa0</run_address>
         <size>0xb3</size>
         <input_file_ref idref="fl-3a"/>
      </object_component>
      <object_component id="oc-168">
         <name>.debug_line</name>
         <load_address>0x1b53</load_address>
         <run_address>0x1b53</run_address>
         <size>0x5f</size>
         <input_file_ref idref="fl-3a"/>
      </object_component>
      <object_component id="oc-261">
         <name>.debug_line</name>
         <load_address>0x1bb2</load_address>
         <run_address>0x1bb2</run_address>
         <size>0x2e</size>
         <input_file_ref idref="fl-3a"/>
      </object_component>
      <object_component id="oc-16e">
         <name>.debug_line</name>
         <load_address>0x1be0</load_address>
         <run_address>0x1be0</run_address>
         <size>0x3a</size>
         <input_file_ref idref="fl-3b"/>
      </object_component>
      <object_component id="oc-191">
         <name>.debug_frame</name>
         <load_address>0x0</load_address>
         <run_address>0x0</run_address>
         <size>0x4d</size>
         <input_file_ref idref="fl-2"/>
      </object_component>
      <object_component id="oc-19d">
         <name>.debug_frame</name>
         <load_address>0x4d</load_address>
         <run_address>0x4d</run_address>
         <size>0x47</size>
         <input_file_ref idref="fl-2"/>
      </object_component>
      <object_component id="oc-18b">
         <name>.debug_frame</name>
         <load_address>0x94</load_address>
         <run_address>0x94</run_address>
         <size>0x47</size>
         <input_file_ref idref="fl-2"/>
      </object_component>
      <object_component id="oc-1ca">
         <name>.debug_frame</name>
         <load_address>0xdb</load_address>
         <run_address>0xdb</run_address>
         <size>0x47</size>
         <input_file_ref idref="fl-2"/>
      </object_component>
      <object_component id="oc-1c4">
         <name>.debug_frame</name>
         <load_address>0x122</load_address>
         <run_address>0x122</run_address>
         <size>0x47</size>
         <input_file_ref idref="fl-2"/>
      </object_component>
      <object_component id="oc-1a6">
         <name>.debug_frame</name>
         <load_address>0x169</load_address>
         <run_address>0x169</run_address>
         <size>0x47</size>
         <input_file_ref idref="fl-2"/>
      </object_component>
      <object_component id="oc-1ac">
         <name>.debug_frame</name>
         <load_address>0x1b0</load_address>
         <run_address>0x1b0</run_address>
         <size>0x47</size>
         <input_file_ref idref="fl-2"/>
      </object_component>
      <object_component id="oc-197">
         <name>.debug_frame</name>
         <load_address>0x1f7</load_address>
         <run_address>0x1f7</run_address>
         <size>0x47</size>
         <input_file_ref idref="fl-2"/>
      </object_component>
      <object_component id="oc-12b">
         <name>.debug_frame</name>
         <load_address>0x23e</load_address>
         <run_address>0x23e</run_address>
         <size>0x50</size>
         <input_file_ref idref="fl-2"/>
      </object_component>
      <object_component id="oc-f8">
         <name>.debug_frame</name>
         <load_address>0x28e</load_address>
         <run_address>0x28e</run_address>
         <size>0x47</size>
         <input_file_ref idref="fl-2"/>
      </object_component>
      <object_component id="oc-29c">
         <name>.debug_frame</name>
         <load_address>0x2d5</load_address>
         <run_address>0x2d5</run_address>
         <size>0x71</size>
         <input_file_ref idref="fl-4"/>
      </object_component>
      <object_component id="oc-fe">
         <name>.debug_frame</name>
         <load_address>0x346</load_address>
         <run_address>0x346</run_address>
         <size>0x47</size>
         <input_file_ref idref="fl-4"/>
      </object_component>
      <object_component id="oc-273">
         <name>.debug_frame</name>
         <load_address>0x38d</load_address>
         <run_address>0x38d</run_address>
         <size>0x47</size>
         <input_file_ref idref="fl-5"/>
      </object_component>
      <object_component id="oc-216">
         <name>.debug_frame</name>
         <load_address>0x3d4</load_address>
         <run_address>0x3d4</run_address>
         <size>0x47</size>
         <input_file_ref idref="fl-5"/>
      </object_component>
      <object_component id="oc-21c">
         <name>.debug_frame</name>
         <load_address>0x41b</load_address>
         <run_address>0x41b</run_address>
         <size>0x5b</size>
         <input_file_ref idref="fl-5"/>
      </object_component>
      <object_component id="oc-1b2">
         <name>.debug_frame</name>
         <load_address>0x476</load_address>
         <run_address>0x476</run_address>
         <size>0x47</size>
         <input_file_ref idref="fl-5"/>
      </object_component>
      <object_component id="oc-283">
         <name>.debug_frame</name>
         <load_address>0x4bd</load_address>
         <run_address>0x4bd</run_address>
         <size>0x58</size>
         <input_file_ref idref="fl-5"/>
      </object_component>
      <object_component id="oc-238">
         <name>.debug_frame</name>
         <load_address>0x515</load_address>
         <run_address>0x515</run_address>
         <size>0x50</size>
         <input_file_ref idref="fl-5"/>
      </object_component>
      <object_component id="oc-289">
         <name>.debug_frame</name>
         <load_address>0x565</load_address>
         <run_address>0x565</run_address>
         <size>0x5c</size>
         <input_file_ref idref="fl-5"/>
      </object_component>
      <object_component id="oc-1be">
         <name>.debug_frame</name>
         <load_address>0x5c1</load_address>
         <run_address>0x5c1</run_address>
         <size>0x47</size>
         <input_file_ref idref="fl-6"/>
      </object_component>
      <object_component id="oc-f2">
         <name>.debug_frame</name>
         <load_address>0x608</load_address>
         <run_address>0x608</run_address>
         <size>0x5a</size>
         <input_file_ref idref="fl-6"/>
      </object_component>
      <object_component id="oc-223">
         <name>.debug_frame</name>
         <load_address>0x662</load_address>
         <run_address>0x662</run_address>
         <size>0x47</size>
         <input_file_ref idref="fl-6"/>
      </object_component>
      <object_component id="oc-66">
         <name>.debug_frame</name>
         <load_address>0x6a9</load_address>
         <run_address>0x6a9</run_address>
         <size>0x42</size>
         <input_file_ref idref="fl-22"/>
      </object_component>
      <object_component id="oc-33">
         <name>.debug_frame</name>
         <load_address>0x6eb</load_address>
         <run_address>0x6eb</run_address>
         <size>0x47</size>
         <input_file_ref idref="fl-23"/>
      </object_component>
      <object_component id="oc-e0">
         <name>.debug_frame</name>
         <load_address>0x732</load_address>
         <run_address>0x732</run_address>
         <size>0x51</size>
         <input_file_ref idref="fl-24"/>
      </object_component>
      <object_component id="oc-39">
         <name>.debug_frame</name>
         <load_address>0x783</load_address>
         <run_address>0x783</run_address>
         <size>0x47</size>
         <input_file_ref idref="fl-24"/>
      </object_component>
      <object_component id="oc-133">
         <name>.debug_frame</name>
         <load_address>0x7ca</load_address>
         <run_address>0x7ca</run_address>
         <size>0x47</size>
         <input_file_ref idref="fl-28"/>
      </object_component>
      <object_component id="oc-d3">
         <name>.debug_frame</name>
         <load_address>0x811</load_address>
         <run_address>0x811</run_address>
         <size>0x47</size>
         <input_file_ref idref="fl-33"/>
      </object_component>
      <object_component id="oc-10b">
         <name>.debug_frame</name>
         <load_address>0x858</load_address>
         <run_address>0x858</run_address>
         <size>0x47</size>
         <input_file_ref idref="fl-36"/>
      </object_component>
      <object_component id="oc-111">
         <name>.debug_frame</name>
         <load_address>0x89f</load_address>
         <run_address>0x89f</run_address>
         <size>0x51</size>
         <input_file_ref idref="fl-39"/>
      </object_component>
      <object_component id="oc-169">
         <name>.debug_frame</name>
         <load_address>0x8f0</load_address>
         <run_address>0x8f0</run_address>
         <size>0x51</size>
         <input_file_ref idref="fl-3a"/>
      </object_component>
      <object_component id="oc-16f">
         <name>.debug_frame</name>
         <load_address>0x941</load_address>
         <run_address>0x941</run_address>
         <size>0x47</size>
         <input_file_ref idref="fl-3b"/>
      </object_component>
      <object_component id="oc-24a">
         <name>.debug_abbrev</name>
         <load_address>0x0</load_address>
         <run_address>0x0</run_address>
         <size>0x11f</size>
         <input_file_ref idref="fl-2"/>
      </object_component>
      <object_component id="oc-248">
         <name>.debug_abbrev</name>
         <load_address>0x11f</load_address>
         <run_address>0x11f</run_address>
         <size>0x27</size>
         <input_file_ref idref="fl-2"/>
      </object_component>
      <object_component id="oc-278">
         <name>.debug_abbrev</name>
         <load_address>0x146</load_address>
         <run_address>0x146</run_address>
         <size>0x27</size>
         <input_file_ref idref="fl-2"/>
      </object_component>
      <object_component id="oc-27a">
         <name>.debug_abbrev</name>
         <load_address>0x16d</load_address>
         <run_address>0x16d</run_address>
         <size>0x27</size>
         <input_file_ref idref="fl-2"/>
      </object_component>
      <object_component id="oc-27c">
         <name>.debug_abbrev</name>
         <load_address>0x194</load_address>
         <run_address>0x194</run_address>
         <size>0x29</size>
         <input_file_ref idref="fl-2"/>
      </object_component>
      <object_component id="oc-230">
         <name>.debug_abbrev</name>
         <load_address>0x1bd</load_address>
         <run_address>0x1bd</run_address>
         <size>0x29</size>
         <input_file_ref idref="fl-2"/>
      </object_component>
      <object_component id="oc-22a">
         <name>.debug_abbrev</name>
         <load_address>0x1e6</load_address>
         <run_address>0x1e6</run_address>
         <size>0x6c</size>
         <input_file_ref idref="fl-2"/>
      </object_component>
      <object_component id="oc-22f">
         <name>.debug_abbrev</name>
         <load_address>0x252</load_address>
         <run_address>0x252</run_address>
         <size>0x60</size>
         <input_file_ref idref="fl-2"/>
      </object_component>
      <object_component id="oc-21d">
         <name>.debug_abbrev</name>
         <load_address>0x2b2</load_address>
         <run_address>0x2b2</run_address>
         <size>0x5e</size>
         <input_file_ref idref="fl-2"/>
      </object_component>
      <object_component id="oc-258">
         <name>.debug_abbrev</name>
         <load_address>0x310</load_address>
         <run_address>0x310</run_address>
         <size>0x50</size>
         <input_file_ref idref="fl-2"/>
      </object_component>
      <object_component id="oc-257">
         <name>.debug_abbrev</name>
         <load_address>0x360</load_address>
         <run_address>0x360</run_address>
         <size>0x50</size>
         <input_file_ref idref="fl-2"/>
      </object_component>
      <object_component id="oc-232">
         <name>.debug_abbrev</name>
         <load_address>0x3b0</load_address>
         <run_address>0x3b0</run_address>
         <size>0x5e</size>
         <input_file_ref idref="fl-2"/>
      </object_component>
      <object_component id="oc-243">
         <name>.debug_abbrev</name>
         <load_address>0x40e</load_address>
         <run_address>0x40e</run_address>
         <size>0x5e</size>
         <input_file_ref idref="fl-2"/>
      </object_component>
      <object_component id="oc-22b">
         <name>.debug_abbrev</name>
         <load_address>0x46c</load_address>
         <run_address>0x46c</run_address>
         <size>0x6c</size>
         <input_file_ref idref="fl-2"/>
      </object_component>
      <object_component id="oc-1cb">
         <name>.debug_abbrev</name>
         <load_address>0x4d8</load_address>
         <run_address>0x4d8</run_address>
         <size>0x60</size>
         <input_file_ref idref="fl-2"/>
      </object_component>
      <object_component id="oc-15f">
         <name>.debug_abbrev</name>
         <load_address>0x538</load_address>
         <run_address>0x538</run_address>
         <size>0x53</size>
         <input_file_ref idref="fl-2"/>
      </object_component>
      <object_component id="oc-24e">
         <name>.debug_abbrev</name>
         <load_address>0x58b</load_address>
         <run_address>0x58b</run_address>
         <size>0x42</size>
         <input_file_ref idref="fl-2"/>
      </object_component>
      <object_component id="oc-253">
         <name>.debug_abbrev</name>
         <load_address>0x5cd</load_address>
         <run_address>0x5cd</run_address>
         <size>0x3a</size>
         <input_file_ref idref="fl-2"/>
      </object_component>
      <object_component id="oc-13e">
         <name>.debug_abbrev</name>
         <load_address>0x607</load_address>
         <run_address>0x607</run_address>
         <size>0x1f</size>
         <input_file_ref idref="fl-2"/>
      </object_component>
      <object_component id="oc-1ce">
         <name>.debug_abbrev</name>
         <load_address>0x626</load_address>
         <run_address>0x626</run_address>
         <size>0x35</size>
         <input_file_ref idref="fl-2"/>
      </object_component>
      <object_component id="oc-1d9">
         <name>.debug_abbrev</name>
         <load_address>0x65b</load_address>
         <run_address>0x65b</run_address>
         <size>0x44</size>
         <input_file_ref idref="fl-2"/>
      </object_component>
      <object_component id="oc-293">
         <name>.debug_abbrev</name>
         <load_address>0x69f</load_address>
         <run_address>0x69f</run_address>
         <size>0x5d</size>
         <input_file_ref idref="fl-3"/>
      </object_component>
      <object_component id="oc-28b">
         <name>.debug_abbrev</name>
         <load_address>0x6fc</load_address>
         <run_address>0x6fc</run_address>
         <size>0x29</size>
         <input_file_ref idref="fl-3"/>
      </object_component>
      <object_component id="oc-28d">
         <name>.debug_abbrev</name>
         <load_address>0x725</load_address>
         <run_address>0x725</run_address>
         <size>0x29</size>
         <input_file_ref idref="fl-3"/>
      </object_component>
      <object_component id="oc-28f">
         <name>.debug_abbrev</name>
         <load_address>0x74e</load_address>
         <run_address>0x74e</run_address>
         <size>0x29</size>
         <input_file_ref idref="fl-3"/>
      </object_component>
      <object_component id="oc-268">
         <name>.debug_abbrev</name>
         <load_address>0x777</load_address>
         <run_address>0x777</run_address>
         <size>0x29</size>
         <input_file_ref idref="fl-3"/>
      </object_component>
      <object_component id="oc-2b4">
         <name>.debug_abbrev</name>
         <load_address>0x7a0</load_address>
         <run_address>0x7a0</run_address>
         <size>0xb3</size>
         <input_file_ref idref="fl-4"/>
      </object_component>
      <object_component id="oc-2af">
         <name>.debug_abbrev</name>
         <load_address>0x853</load_address>
         <run_address>0x853</run_address>
         <size>0x6c</size>
         <input_file_ref idref="fl-4"/>
      </object_component>
      <object_component id="oc-160">
         <name>.debug_abbrev</name>
         <load_address>0x8bf</load_address>
         <run_address>0x8bf</run_address>
         <size>0x53</size>
         <input_file_ref idref="fl-4"/>
      </object_component>
      <object_component id="oc-295">
         <name>.debug_abbrev</name>
         <load_address>0x912</load_address>
         <run_address>0x912</run_address>
         <size>0x8b</size>
         <input_file_ref idref="fl-5"/>
      </object_component>
      <object_component id="oc-291">
         <name>.debug_abbrev</name>
         <load_address>0x99d</load_address>
         <run_address>0x99d</run_address>
         <size>0x29</size>
         <input_file_ref idref="fl-5"/>
      </object_component>
      <object_component id="oc-29d">
         <name>.debug_abbrev</name>
         <load_address>0x9c6</load_address>
         <run_address>0x9c6</run_address>
         <size>0x7a</size>
         <input_file_ref idref="fl-5"/>
      </object_component>
      <object_component id="oc-274">
         <name>.debug_abbrev</name>
         <load_address>0xa40</load_address>
         <run_address>0xa40</run_address>
         <size>0x7a</size>
         <input_file_ref idref="fl-5"/>
      </object_component>
      <object_component id="oc-276">
         <name>.debug_abbrev</name>
         <load_address>0xaba</load_address>
         <run_address>0xaba</run_address>
         <size>0x7a</size>
         <input_file_ref idref="fl-5"/>
      </object_component>
      <object_component id="oc-247">
         <name>.debug_abbrev</name>
         <load_address>0xb34</load_address>
         <run_address>0xb34</run_address>
         <size>0x50</size>
         <input_file_ref idref="fl-5"/>
      </object_component>
      <object_component id="oc-2a8">
         <name>.debug_abbrev</name>
         <load_address>0xb84</load_address>
         <run_address>0xb84</run_address>
         <size>0x7a</size>
         <input_file_ref idref="fl-5"/>
      </object_component>
      <object_component id="oc-28a">
         <name>.debug_abbrev</name>
         <load_address>0xbfe</load_address>
         <run_address>0xbfe</run_address>
         <size>0x7c</size>
         <input_file_ref idref="fl-5"/>
      </object_component>
      <object_component id="oc-2ae">
         <name>.debug_abbrev</name>
         <load_address>0xc7a</load_address>
         <run_address>0xc7a</run_address>
         <size>0x7c</size>
         <input_file_ref idref="fl-5"/>
      </object_component>
      <object_component id="oc-259">
         <name>.debug_abbrev</name>
[...]
         <value>0x7a</value>
      </symbol>
      <symbol id="sm-37">
         <name>USISR</name>
         <value>0x7c</value>
      </symbol>
      <symbol id="sm-38">
         <name>WDTCTL</name>
         <value>0x120</value>
      </symbol>
      <symbol id="sm-39">
         <name>CALDCO_16MHZ</name>
         <value>0x10f8</value>
      </symbol>
      <symbol id="sm-3a">
         <name>CALBC1_16MHZ</name>
         <value>0x10f9</value>
      </symbol>
      <symbol id="sm-3b">
         <name>CALDCO_12MHZ</name>
         <value>0x10fa</value>
      </symbol>
      <symbol id="sm-3c">
         <name>CALBC1_12MHZ</name>
         <value>0x10fb</value>
      </symbol>
      <symbol id="sm-3d">
         <name>CALDCO_8MHZ</name>
         <value>0x10fc</value>
      </symbol>
      <symbol id="sm-3e">
         <name>CALBC1_8MHZ</name>
         <value>0x10fd</value>
      </symbol>
      <symbol id="sm-3f">
         <name>CALDCO_1MHZ</name>
         <value>0x10fe</value>
      </symbol>
      <symbol id="sm-40">
         <name>CALBC1_1MHZ</name>
         <value>0x10ff</value>
      </symbol>
      <symbol id="sm-41">
         <name>TLV_CHECKSUM</name>
         <value>0x10c0</value>
      </symbol>
      <symbol id="sm-42">
         <name>TLV_DCO_30_TAG</name>
         <value>0x10f6</value>
      </symbol>
      <symbol id="sm-43">
         <name>TLV_DCO_30_LEN</name>
         <value>0x10f7</value>
      </symbol>
      <symbol id="sm-44">
         <name>TLV_ADC10_1_TAG</name>
         <value>0x10da</value>
      </symbol>
      <symbol id="sm-45">
         <name>TLV_ADC10_1_LEN</name>
         <value>0x10db</value>
      </symbol>
      <symbol id="sm-46">
         <name>__TI_CINIT_Base</name>
         <value>0xee5a</value>
      </symbol>
      <symbol id="sm-47">
         <name>__TI_CINIT_Limit</name>
         <value>0xee62</value>
      </symbol>
      <symbol id="sm-48">
         <name>__TI_Handler_Table_Base</name>
         <value>0xee56</value>
      </symbol>
      <symbol id="sm-49">
         <name>__TI_Handler_Table_Limit</name>
         <value>0xee5a</value>
      </symbol>
      <symbol id="sm-4a">
         <name>__STACK_SIZE</name>
         <value>0x50</value>
      </symbol>
      <symbol id="sm-4b">
         <name>__STACK_END</name>
         <value>0x300</value>
      </symbol>
      <symbol id="sm-4c">
         <name>__c_args__</name>
         <value>0xffffffff</value>
      </symbol>
      <symbol id="sm-4d">
         <name>__TI_pprof_out_hndl</name>
         <value>0xffffffff</value>
      </symbol>
      <symbol id="sm-4e">
         <name>__TI_prof_data_start</name>
         <value>0xffffffff</value>
      </symbol>
      <symbol id="sm-4f">
         <name>__TI_prof_data_size</name>
         <value>0xffffffff</value>
      </symbol>
      <symbol id="sm-11b">
         <name>keyPressed</name>
         <value>0x234</value>
      </symbol>
      <symbol id="sm-11c">
         <name>data</name>
         <value>0x232</value>
      </symbol>
      <symbol id="sm-11d">
         <name>nextAction</name>
         <value>0x210</value>
         <object_component_ref idref="oc-19e"/>
      </symbol>
      <symbol id="sm-11e">
         <name>cycle</name>
         <value>0x204</value>
         <object_component_ref idref="oc-19e"/>
      </symbol>
      <symbol id="sm-11f">
         <name>onoffDuration</name>
         <value>0x208</value>
         <object_component_ref idref="oc-19e"/>
      </symbol>
      <symbol id="sm-120">
         <name>ISR_Timer0_A0</name>
         <value>0xed3c</value>
         <object_component_ref idref="oc-f3"/>
      </symbol>
      <symbol id="sm-121">
         <name>initAccel</name>
         <value>0xebda</value>
         <object_component_ref idref="oc-18c"/>
      </symbol>
      <symbol id="sm-122">
         <name>__TI_int09</name>
         <value>0xfff2</value>
         <object_component_ref idref="oc-3f"/>
      </symbol>
      <symbol id="sm-123">
         <name>startMode</name>
         <value>0xeaf8</value>
         <object_component_ref idref="oc-1a1"/>
      </symbol>
      <symbol id="sm-124">
         <name>computeAccel</name>
         <value>0xeaa4</value>
         <object_component_ref idref="oc-198"/>
      </symbol>
      <symbol id="sm-125">
         <name>i</name>
         <value>0x200</value>
         <object_component_ref idref="oc-19e"/>
      </symbol>
      <symbol id="sm-126">
         <name>initCap</name>
         <value>0xecfa</value>
         <object_component_ref idref="oc-186"/>
      </symbol>
      <symbol id="sm-127">
         <name>orient</name>
         <value>0x202</value>
         <object_component_ref idref="oc-19e"/>
      </symbol>
      <symbol id="sm-128">
         <name>stopMotor</name>
         <value>0xedb6</value>
         <object_component_ref idref="oc-1bf"/>
      </symbol>
      <symbol id="sm-129">
         <name>main</name>
         <value>0xe5da</value>
         <object_component_ref idref="oc-126"/>
      </symbol>
      <symbol id="sm-12a">
         <name>checkCap</name>
         <value>0xeb92</value>
         <object_component_ref idref="oc-1a7"/>
      </symbol>
      <symbol id="sm-12b">
         <name>startMotor</name>
         <value>0xed26</value>
         <object_component_ref idref="oc-1c5"/>
      </symbol>
      <symbol id="sm-12c">
         <name>running</name>
         <value>0x201</value>
         <object_component_ref idref="oc-19e"/>
      </symbol>
      <symbol id="sm-12d">
         <name>onDuration</name>
         <value>0x206</value>
         <object_component_ref idref="oc-19e"/>
      </symbol>
      <symbol id="sm-12e">
         <name>seconds</name>
         <value>0x20a</value>
         <object_component_ref idref="oc-19e"/>
      </symbol>
      <symbol id="sm-12f">
         <name>neworient</name>
         <value>0x20e</value>
         <object_component_ref idref="oc-19e"/>
      </symbol>
      <symbol id="sm-130">
         <name>ay</name>
         <value>0x212</value>
         <object_component_ref idref="oc-22c"/>
      </symbol>
      <symbol id="sm-131">
         <name>sleep</name>
         <value>0xecc4</value>
         <object_component_ref idref="oc-192"/>
      </symbol>
      <symbol id="sm-14a">
         <name>buttons</name>
         <value>0xedee</value>
         <object_component_ref idref="oc-20e"/>
      </symbol>
      <symbol id="sm-14b">
         <name>aroma_element</name>
         <value>0xee20</value>
         <object_component_ref idref="oc-23a"/>
      </symbol>
      <symbol id="sm-14c">
         <name>boost_element</name>
         <value>0xee2a</value>
         <object_component_ref idref="oc-23d"/>
      </symbol>
      <symbol id="sm-14d">
         <name>continu_element</name>
         <value>0xee34</value>
         <object_component_ref idref="oc-240"/>
      </symbol>
      <symbol id="sm-166">
         <name>__TI_int10</name>
         <value>0xfff4</value>
         <object_component_ref idref="oc-40"/>
      </symbol>
      <symbol id="sm-167">
         <name>watchdog_timer</name>
         <value>0xedd4</value>
         <object_component_ref idref="oc-f9"/>
      </symbol>
      <symbol id="sm-168">
         <name>TI_CTS_RO_PINOSC_TA0_WDTp_HAL</name>
         <value>0xe712</value>
         <object_component_ref idref="oc-297"/>
      </symbol>
      <symbol id="sm-1cc">
         <name>baseCnt</name>
         <value>0x226</value>
      </symbol>
      <symbol id="sm-1cd">
         <name>measCnt</name>
         <value>0x22c</value>
      </symbol>
      <symbol id="sm-1ce">
         <name>TI_CAPT_Init_Baseline</name>
         <value>0xed88</value>
         <object_component_ref idref="oc-211"/>
      </symbol>
      <symbol id="sm-1cf">
         <name>TI_CAPT_Update_Baseline</name>
         <value>0xe9e8</value>
         <object_component_ref idref="oc-217"/>
      </symbol>
      <symbol id="sm-1d0">
         <name>ctsStatusReg</name>
         <value>0x21a</value>
         <object_component_ref idref="oc-244"/>
      </symbol>
      <symbol id="sm-1d1">
         <name>TI_CAPT_Reset_Tracking</name>
         <value>0xedc4</value>
         <object_component_ref idref="oc-1ad"/>
      </symbol>
      <symbol id="sm-1d2">
         <name>TI_CAPT_Buttons</name>
         <value>0xec16</value>
         <object_component_ref idref="oc-233"/>
      </symbol>
      <symbol id="sm-1d3">
         <name>TI_CAPT_Raw</name>
         <value>0xeda8</value>
         <object_component_ref idref="oc-26e"/>
      </symbol>
      <symbol id="sm-1d4">
         <name>Dominant_Element</name>
         <value>0xe846</value>
         <object_component_ref idref="oc-284"/>
      </symbol>
      <symbol id="sm-1d5">
         <name>TI_CAPT_Custom</name>
         <value>0xe000</value>
         <object_component_ref idref="oc-27e"/>
      </symbol>
      <symbol id="sm-212">
         <name>i2c_send_sequence</name>
         <value>0xeca4</value>
         <object_component_ref idref="oc-1b9"/>
      </symbol>
      <symbol id="sm-213">
         <name>__TI_int04</name>
         <value>0xffe8</value>
         <object_component_ref idref="oc-3c"/>
      </symbol>
      <symbol id="sm-214">
         <name>i2c_state</name>
         <value>0x21c</value>
         <object_component_ref idref="oc-158"/>
      </symbol>
      <symbol id="sm-215">
         <name>USI_TXRX</name>
         <value>0xe40c</value>
         <object_component_ref idref="oc-ed"/>
      </symbol>
      <symbol id="sm-216">
         <name>i2c_init</name>
         <value>0xec7a</value>
         <object_component_ref idref="oc-21e"/>
      </symbol>
      <symbol id="sm-21e">
         <name>_stack</name>
         <value>0x2b0</value>
         <object_component_ref idref="oc-ca"/>
      </symbol>
      <symbol id="sm-21f">
         <name>_reset_vector</name>
         <value>0xfffe</value>
         <object_component_ref idref="oc-cd"/>
      </symbol>
      <symbol id="sm-229">
         <name>_c_int00_noargs_noexit</name>
         <value>0xece0</value>
         <object_component_ref idref="oc-61"/>
      </symbol>
      <symbol id="sm-23f">
         <name>__TI_decompress_none</name>
         <value>0xed64</value>
         <object_component_ref idref="oc-2e"/>
      </symbol>
      <symbol id="sm-261">
         <name>__TI_decompress_rle24</name>
         <value>0xede2</value>
         <object_component_ref idref="oc-34"/>
      </symbol>
      <symbol id="sm-271">
         <name>__mspabi_remu</name>
         <value>0xed10</value>
         <object_component_ref idref="oc-2a9"/>
      </symbol>
      <symbol id="sm-272">
         <name>__mspabi_divu</name>
         <value>0xed10</value>
         <object_component_ref idref="oc-2a9"/>
      </symbol>
      <symbol id="sm-27b">
         <name>__mspabi_func_epilog_2</name>
         <value>0xeda2</value>
         <object_component_ref idref="oc-14f"/>
      </symbol>
      <symbol id="sm-27c">
         <name>__mspabi_func_epilog_3</name>
         <value>0xeda0</value>
         <object_component_ref idref="oc-14f"/>
      </symbol>
      <symbol id="sm-27d">
         <name>__mspabi_func_epilog_1</name>
         <value>0xeda4</value>
         <object_component_ref idref="oc-14f"/>
      </symbol>
      <symbol id="sm-27e">
         <name>__mspabi_func_epilog_6</name>
         <value>0xed9a</value>
         <object_component_ref idref="oc-14f"/>
      </symbol>
      <symbol id="sm-27f">
         <name>__mspabi_func_epilog_7</name>
         <value>0xed98</value>
         <object_component_ref idref="oc-14f"/>
      </symbol>
      <symbol id="sm-280">
         <name>__mspabi_func_epilog_4</name>
         <value>0xed9e</value>
         <object_component_ref idref="oc-14f"/>
      </symbol>
      <symbol id="sm-281">
         <name>__mspabi_func_epilog_5</name>
         <value>0xed9c</value>
         <object_component_ref idref="oc-14f"/>
      </symbol>
      <symbol id="sm-28b">
         <name>C$$EXIT</name>
         <value>0xeddc</value>
         <object_component_ref idref="oc-12e"/>
      </symbol>
      <symbol id="sm-28c">
         <name>abort</name>
         <value>0xeddc</value>
         <object_component_ref idref="oc-12e"/>
      </symbol>
      <symbol id="sm-290">
         <name>__TI_int02</name>
         <value>0xffe4</value>
         <object_component_ref idref="oc-3a"/>
      </symbol>
      <symbol id="sm-293">
         <name>__TI_int03</name>
         <value>0xffe6</value>
         <object_component_ref idref="oc-3b"/>
      </symbol>
      <symbol id="sm-296">
         <name>__TI_int05</name>
         <value>0xffea</value>
         <object_component_ref idref="oc-3d"/>
      </symbol>
      <symbol id="sm-299">
         <name>__TI_int08</name>
         <value>0xfff0</value>
         <object_component_ref idref="oc-3e"/>
      </symbol>
      <symbol id="sm-29c">
         <name>__TI_int11</name>
         <value>0xfff6</value>
         <object_component_ref idref="oc-41"/>
      </symbol>
      <symbol id="sm-29f">
         <name>__TI_int14</name>
         <value>0xfffc</value>
         <object_component_ref idref="oc-42"/>
      </symbol>
      <symbol id="sm-2a7">
         <name>__TI_ISR_TRAP</name>
         <value>0xedcc</value>
         <object_component_ref idref="oc-e8"/>
      </symbol>
      <symbol id="sm-2af">
         <name>__mspabi_slli</name>
         <value>0xec4e</value>
         <object_component_ref idref="oc-29e"/>
      </symbol>
      <symbol id="sm-2b0">
         <name>__mspabi_slli_9</name>
         <value>0xec66</value>
         <object_component_ref idref="oc-29e"/>
      </symbol>
      <symbol id="sm-2b1">
         <name>__mspabi_slli_8</name>
         <value>0xec68</value>
         <object_component_ref idref="oc-29e"/>
      </symbol>
      <symbol id="sm-2b2">
         <name>__mspabi_slli_7</name>
         <value>0xec6a</value>
         <object_component_ref idref="oc-29e"/>
      </symbol>
      <symbol id="sm-2b3">
         <name>__mspabi_slli_6</name>
         <value>0xec6c</value>
         <object_component_ref idref="oc-29e"/>
      </symbol>
      <symbol id="sm-2b4">
         <name>__mspabi_slli_5</name>
         <value>0xec6e</value>
         <object_component_ref idref="oc-29e"/>
      </symbol>
      <symbol id="sm-2b5">
         <name>__mspabi_slli_4</name>
         <value>0xec70</value>
         <object_component_ref idref="oc-29e"/>
      </symbol>
      <symbol id="sm-2b6">
         <name>__mspabi_slli_3</name>
         <value>0xec72</value>
         <object_component_ref idref="oc-29e"/>
      </symbol>
      <symbol id="sm-2b7">
         <name>__mspabi_slli_2</name>
         <value>0xec74</value>
         <object_component_ref idref="oc-29e"/>
      </symbol>
      <symbol id="sm-2b8">
         <name>__mspabi_slli_1</name>
         <value>0xec76</value>
         <object_component_ref idref="oc-29e"/>
      </symbol>
      <symbol id="sm-2b9">
         <name>__mspabi_slli_15</name>
         <value>0xec5a</value>
         <object_component_ref idref="oc-29e"/>
      </symbol>
      <symbol id="sm-2ba">
         <name>__mspabi_slli_14</name>
         <value>0xec5c</value>
         <object_component_ref idref="oc-29e"/>
      </symbol>
      <symbol id="sm-2bb">
         <name>__mspabi_slli_13</name>
         <value>0xec5e</value>
         <object_component_ref idref="oc-29e"/>
      </symbol>
      <symbol id="sm-2bc">
         <name>__mspabi_slli_12</name>
         <value>0xec60</value>
         <object_component_ref idref="oc-29e"/>
      </symbol>
      <symbol id="sm-2bd">
         <name>__mspabi_slli_11</name>
         <value>0xec62</value>
         <object_component_ref idref="oc-29e"/>
      </symbol>
      <symbol id="sm-2be">
         <name>__mspabi_slli_10</name>
         <value>0xec64</value>
         <object_component_ref idref="oc-29e"/>
      </symbol>
      <symbol id="sm-2c6">
         <name>__mspabi_srli_8</name>
         <value>0xeb70</value>
         <object_component_ref idref="oc-2a3"/>
      </symbol>
      <symbol id="sm-2c7">
         <name>__mspabi_srli_9</name>
         <value>0xeb6c</value>
         <object_component_ref idref="oc-2a3"/>
      </symbol>
      <symbol id="sm-2c8">
         <name>__mspabi_srli_6</name>
         <value>0xeb78</value>
         <object_component_ref idref="oc-2a3"/>
      </symbol>
      <symbol id="sm-2c9">
         <name>__mspabi_srli_7</name>
         <value>0xeb74</value>
         <object_component_ref idref="oc-2a3"/>
      </symbol>
      <symbol id="sm-2ca">
         <name>__mspabi_srli_4</name>
         <value>0xeb80</value>
         <object_component_ref idref="oc-2a3"/>
      </symbol>
      <symbol id="sm-2cb">
         <name>__mspabi_srli_5</name>
         <value>0xeb7c</value>
         <object_component_ref idref="oc-2a3"/>
      </symbol>
      <symbol id="sm-2cc">
         <name>__mspabi_srli_2</name>
         <value>0xeb88</value>
         <object_component_ref idref="oc-2a3"/>
      </symbol>
      <symbol id="sm-2cd">
         <name>__mspabi_srli_3</name>
         <value>0xeb84</value>
         <object_component_ref idref="oc-2a3"/>
      </symbol>
      <symbol id="sm-2ce">
         <name>__mspabi_srli_1</name>
         <value>0xeb8c</value>
         <object_component_ref idref="oc-2a3"/>
      </symbol>
      <symbol id="sm-2cf">
         <name>__mspabi_srli</name>
         <value>0xeb46</value>
         <object_component_ref idref="oc-2a3"/>
      </symbol>
      <symbol id="sm-2d0">
         <name>__mspabi_srli_15</name>
         <value>0xeb54</value>
         <object_component_ref idref="oc-2a3"/>
      </symbol>
      <symbol id="sm-2d1">
         <name>__mspabi_srli_14</name>
         <value>0xeb58</value>
         <object_component_ref idref="oc-2a3"/>
      </symbol>
      <symbol id="sm-2d2">
         <name>__mspabi_srli_13</name>
         <value>0xeb5c</value>
         <object_component_ref idref="oc-2a3"/>
      </symbol>
      <symbol id="sm-2d3">
         <name>__mspabi_srli_12</name>
         <value>0xeb60</value>
         <object_component_ref idref="oc-2a3"/>
      </symbol>
      <symbol id="sm-2d4">
         <name>__mspabi_srli_11</name>
         <value>0xeb64</value>
         <object_component_ref idref="oc-2a3"/>
      </symbol>
      <symbol id="sm-2d5">
         <name>__mspabi_srli_10</name>
         <value>0xeb68</value>
         <object_component_ref idref="oc-2a3"/>
      </symbol>
      <symbol id="sm-2e3">
         <name>memcpy</name>
         <value>0xed76</value>
         <object_component_ref idref="oc-ce"/>
      </symbol>
      <symbol id="sm-2ee">
         <name>__mspabi_mpyi_sw</name>
         <value>0xed50</value>
         <object_component_ref idref="oc-1df"/>
      </symbol>
      <symbol id="sm-2ef">
         <name>__mspabi_mpyi</name>
         <value>0xed50</value>
         <object_component_ref idref="oc-1df"/>
      </symbol>
      <symbol id="sm-2f8">
         <name>_system_pre_init</name>
         <value>0xede8</value>
         <object_component_ref idref="oc-106"/>
      </symbol>
      <symbol id="sm-316">
         <name>_auto_init</name>
         <value>0xe916</value>
         <object_component_ref idref="oc-10c"/>
      </symbol>
      <symbol id="sm-32c">
         <name>copy_in</name>
         <value>0xea4a</value>
         <object_component_ref idref="oc-164"/>
      </symbol>
      <symbol id="sm-335">
         <name>_system_post_cinit</name>
         <value>0xedec</value>
         <object_component_ref idref="oc-16a"/>
      </symbol>
      <symbol id="sm-337">
         <name>__TI_BINIT_Base</name>
         <value>0x0</value>
      </symbol>
      <symbol id="sm-338">
         <name>__TI_BINIT_Limit</name>
         <value>0x0</value>
      </symbol>
      <symbol id="sm-339">
         <name>__TI_INITARRAY_Base</name>
         <value>0x0</value>
      </symbol>
      <symbol id="sm-33a">
         <name>__TI_INITARRAY_Limit</name>
         <value>0x0</value>
      </symbol>
   </symbol_table>
   <title>Link successful</title>
</link_info>
